<?xml version="1.0"?>
<link_info>
   <banner>TMS320C2000 Linker PC v6.2.5</banner>
   <copyright>Copyright (c) 1996-2014 Texas Instruments Incorporated</copyright>
   <link_time>0x557a83a2</link_time>
   <link_errors>0x0</link_errors>
   <output_file>Testy.out</output_file>
   <entry_point>
      <name>_c_int00</name>
      <address>0xa084</address>
   </entry_point>
   <input_file_list>
      <input_file id="fl-2">
         <path>.\</path>
         <kind>object</kind>
         <file>rampa.obj</file>
         <name>rampa.obj</name>
      </input_file>
      <input_file id="fl-3">
         <path>.\</path>
         <kind>object</kind>
         <file>main.obj</file>
         <name>main.obj</name>
      </input_file>
      <input_file id="fl-4">
         <path>.\</path>
         <kind>object</kind>
         <file>eQEP_lib.obj</file>
         <name>eQEP_lib.obj</name>
      </input_file>
      <input_file id="fl-5">
         <path>.\</path>
         <kind>object</kind>
         <file>PWM_config.obj</file>
         <name>PWM_config.obj</name>
      </input_file>
      <input_file id="fl-6">
         <path>.\</path>
         <kind>object</kind>
         <file>PID.obj</file>
         <name>PID.obj</name>
      </input_file>
      <input_file id="fl-7">
         <path>.\</path>
         <kind>object</kind>
         <file>Modulator.obj</file>
         <name>Modulator.obj</name>
      </input_file>
      <input_file id="fl-8">
         <path>.\</path>
         <kind>object</kind>
         <file>DSP2833x_usDelay.obj</file>
         <name>DSP2833x_usDelay.obj</name>
      </input_file>
      <input_file id="fl-9">
         <path>.\</path>
         <kind>object</kind>
         <file>DSP2833x_Xintf.obj</file>
         <name>DSP2833x_Xintf.obj</name>
      </input_file>
      <input_file id="fl-a">
         <path>.\</path>
         <kind>object</kind>
         <file>DSP2833x_SysCtrl.obj</file>
         <name>DSP2833x_SysCtrl.obj</name>
      </input_file>
      <input_file id="fl-b">
         <path>.\</path>
         <kind>object</kind>
         <file>DSP2833x_Spi.obj</file>
         <name>DSP2833x_Spi.obj</name>
      </input_file>
      <input_file id="fl-c">
         <path>.\</path>
         <kind>object</kind>
         <file>DSP2833x_Sci.obj</file>
         <name>DSP2833x_Sci.obj</name>
      </input_file>
      <input_file id="fl-d">
         <path>.\</path>
         <kind>object</kind>
         <file>DSP2833x_PieVect.obj</file>
         <name>DSP2833x_PieVect.obj</name>
      </input_file>
      <input_file id="fl-e">
         <path>.\</path>
         <kind>object</kind>
         <file>DSP2833x_PieCtrl.obj</file>
         <name>DSP2833x_PieCtrl.obj</name>
      </input_file>
      <input_file id="fl-f">
         <path>.\</path>
         <kind>object</kind>
         <file>DSP2833x_MemCopy.obj</file>
         <name>DSP2833x_MemCopy.obj</name>
      </input_file>
      <input_file id="fl-10">
         <path>.\</path>
         <kind>object</kind>
         <file>DSP2833x_Mcbsp.obj</file>
         <name>DSP2833x_Mcbsp.obj</name>
      </input_file>
      <input_file id="fl-11">
         <path>.\</path>
         <kind>object</kind>
         <file>DSP2833x_I2C.obj</file>
         <name>DSP2833x_I2C.obj</name>
      </input_file>
      <input_file id="fl-12">
         <path>.\</path>
         <kind>object</kind>
         <file>DSP2833x_Gpio.obj</file>
         <name>DSP2833x_Gpio.obj</name>
      </input_file>
      <input_file id="fl-13">
         <path>.\</path>
         <kind>object</kind>
         <file>DSP2833x_GlobalVariableDefs.obj</file>
         <name>DSP2833x_GlobalVariableDefs.obj</name>
      </input_file>
      <input_file id="fl-14">
         <path>.\</path>
         <kind>object</kind>
         <file>DSP2833x_EQep.obj</file>
         <name>DSP2833x_EQep.obj</name>
      </input_file>
      <input_file id="fl-15">
         <path>.\</path>
         <kind>object</kind>
         <file>DSP2833x_EPwm.obj</file>
         <name>DSP2833x_EPwm.obj</name>
      </input_file>
      <input_file id="fl-16">
         <path>.\</path>
         <kind>object</kind>
         <file>DSP2833x_ECap.obj</file>
         <name>DSP2833x_ECap.obj</name>
      </input_file>
      <input_file id="fl-17">
         <path>.\</path>
         <kind>object</kind>
         <file>DSP2833x_ECan.obj</file>
         <name>DSP2833x_ECan.obj</name>
      </input_file>
      <input_file id="fl-18">
         <path>.\</path>
         <kind>object</kind>
         <file>DSP2833x_DisInt.obj</file>
         <name>DSP2833x_DisInt.obj</name>
      </input_file>
      <input_file id="fl-19">
         <path>.\</path>
         <kind>object</kind>
         <file>DSP2833x_DefaultIsr.obj</file>
         <name>DSP2833x_DefaultIsr.obj</name>
      </input_file>
      <input_file id="fl-1a">
         <path>.\</path>
         <kind>object</kind>
         <file>DSP2833x_DMA.obj</file>
         <name>DSP2833x_DMA.obj</name>
      </input_file>
      <input_file id="fl-1b">
         <path>.\</path>
         <kind>object</kind>
         <file>DSP2833x_DBGIER.obj</file>
         <name>DSP2833x_DBGIER.obj</name>
      </input_file>
      <input_file id="fl-1c">
         <path>.\</path>
         <kind>object</kind>
         <file>DSP2833x_CpuTimers.obj</file>
         <name>DSP2833x_CpuTimers.obj</name>
      </input_file>
      <input_file id="fl-1d">
         <path>.\</path>
         <kind>object</kind>
         <file>DSP2833x_CodeStartBranch.obj</file>
         <name>DSP2833x_CodeStartBranch.obj</name>
      </input_file>
      <input_file id="fl-1e">
         <path>.\</path>
         <kind>object</kind>
         <file>DSP2833x_CSMPasswords.obj</file>
         <name>DSP2833x_CSMPasswords.obj</name>
      </input_file>
      <input_file id="fl-1f">
         <path>.\</path>
         <kind>object</kind>
         <file>DSP2833x_Adc.obj</file>
         <name>DSP2833x_Adc.obj</name>
      </input_file>
      <input_file id="fl-20">
         <path>.\</path>
         <kind>object</kind>
         <file>DSP2833x_ADC_cal.obj</file>
         <name>DSP2833x_ADC_cal.obj</name>
      </input_file>
      <input_file id="fl-21">
         <path>.\</path>
         <kind>object</kind>
         <file>ClarkPark.obj</file>
         <name>ClarkPark.obj</name>
      </input_file>
      <input_file id="fl-22">
         <path>.\</path>
         <kind>object</kind>
         <file>ADC_config.obj</file>
         <name>ADC_config.obj</name>
      </input_file>
      <input_file id="fl-32">
         <path>c:\ti\ccsv6\tools\compiler\c2000_6.2.5\lib\</path>
         <kind>archive</kind>
         <file>rts2800_fpu32.lib</file>
         <name>atan2.obj</name>
      </input_file>
      <input_file id="fl-33">
         <path>c:\ti\ccsv6\tools\compiler\c2000_6.2.5\lib\</path>
         <kind>archive</kind>
         <file>rts2800_fpu32.lib</file>
         <name>boot.obj</name>
      </input_file>
      <input_file id="fl-34">
         <path>c:\ti\ccsv6\tools\compiler\c2000_6.2.5\lib\</path>
         <kind>archive</kind>
         <file>rts2800_fpu32.lib</file>
         <name>cos.obj</name>
      </input_file>
      <input_file id="fl-35">
         <path>c:\ti\ccsv6\tools\compiler\c2000_6.2.5\lib\</path>
         <kind>archive</kind>
         <file>rts2800_fpu32.lib</file>
         <name>errno.obj</name>
      </input_file>
      <input_file id="fl-36">
         <path>c:\ti\ccsv6\tools\compiler\c2000_6.2.5\lib\</path>
         <kind>archive</kind>
         <file>rts2800_fpu32.lib</file>
         <name>exit.obj</name>
      </input_file>
      <input_file id="fl-37">
         <path>c:\ti\ccsv6\tools\compiler\c2000_6.2.5\lib\</path>
         <kind>archive</kind>
         <file>rts2800_fpu32.lib</file>
         <name>frexp.obj</name>
      </input_file>
      <input_file id="fl-38">
         <path>c:\ti\ccsv6\tools\compiler\c2000_6.2.5\lib\</path>
         <kind>archive</kind>
         <file>rts2800_fpu32.lib</file>
         <name>fs_div.obj</name>
      </input_file>
      <input_file id="fl-39">
         <path>c:\ti\ccsv6\tools\compiler\c2000_6.2.5\lib\</path>
         <kind>archive</kind>
         <file>rts2800_fpu32.lib</file>
         <name>sin.obj</name>
      </input_file>
      <input_file id="fl-3a">
         <path>c:\ti\ccsv6\tools\compiler\c2000_6.2.5\lib\</path>
         <kind>archive</kind>
         <file>rts2800_fpu32.lib</file>
         <name>sqrt.obj</name>
      </input_file>
      <input_file id="fl-3b">
         <path>c:\ti\ccsv6\tools\compiler\c2000_6.2.5\lib\</path>
         <kind>archive</kind>
         <file>rts2800_fpu32.lib</file>
         <name>_lock.obj</name>
      </input_file>
      <input_file id="fl-3c">
         <path>c:\ti\ccsv6\tools\compiler\c2000_6.2.5\lib\</path>
         <kind>archive</kind>
         <file>rts2800_fpu32.lib</file>
         <name>args_main.obj</name>
      </input_file>
   </input_file_list>
   <object_component_list>
      <object_component id="oc-f4">
         <name>codestart</name>
         <load_address>0x0</load_address>
         <run_address>0x0</run_address>
         <size>0x2</size>
         <input_file_ref idref="fl-1d"/>
      </object_component>
      <object_component id="oc-6c">
         <name>ramfuncs</name>
         <load_address>0x8185</load_address>
         <run_address>0x8185</run_address>
         <size>0x4</size>
         <input_file_ref idref="fl-8"/>
      </object_component>
      <object_component id="oc-e2">
         <name>.text:retain</name>
         <load_address>0x9000</load_address>
         <run_address>0x9000</run_address>
         <size>0x316</size>
         <input_file_ref idref="fl-19"/>
      </object_component>
      <object_component id="oc-141">
         <name>.text</name>
         <load_address>0x9316</load_address>
         <run_address>0x9316</run_address>
         <size>0x250</size>
         <input_file_ref idref="fl-7"/>
      </object_component>
      <object_component id="oc-60">
         <name>.text:retain</name>
         <load_address>0x9566</load_address>
         <run_address>0x9566</run_address>
         <size>0x214</size>
         <input_file_ref idref="fl-5"/>
      </object_component>
      <object_component id="oc-152">
         <name>.text</name>
         <load_address>0x977a</load_address>
         <run_address>0x977a</run_address>
         <size>0x12f</size>
         <input_file_ref idref="fl-5"/>
      </object_component>
      <object_component id="oc-140">
         <name>.text</name>
         <load_address>0x98a9</load_address>
         <run_address>0x98a9</run_address>
         <size>0x10c</size>
         <input_file_ref idref="fl-4"/>
      </object_component>
      <object_component id="oc-14c">
         <name>.text</name>
         <load_address>0x99b5</load_address>
         <run_address>0x99b5</run_address>
         <size>0xf7</size>
         <input_file_ref idref="fl-a"/>
      </object_component>
      <object_component id="oc-14d">
         <name>.text</name>
         <load_address>0x9aac</load_address>
         <run_address>0x9aac</run_address>
         <size>0xc4</size>
         <input_file_ref idref="fl-15"/>
      </object_component>
      <object_component id="oc-144">
         <name>.text</name>
         <load_address>0x9b70</load_address>
         <run_address>0x9b70</run_address>
         <size>0xc4</size>
         <input_file_ref idref="fl-32"/>
      </object_component>
      <object_component id="oc-13f">
         <name>.text</name>
         <load_address>0x9c34</load_address>
         <run_address>0x9c34</run_address>
         <size>0xa2</size>
         <input_file_ref idref="fl-22"/>
      </object_component>
      <object_component id="oc-142">
         <name>.text</name>
         <load_address>0x9cd6</load_address>
         <run_address>0x9cd6</run_address>
         <size>0xa0</size>
         <input_file_ref idref="fl-21"/>
      </object_component>
      <object_component id="oc-143">
         <name>.text</name>
         <load_address>0x9d76</load_address>
         <run_address>0x9d76</run_address>
         <size>0x9b</size>
         <input_file_ref idref="fl-6"/>
      </object_component>
      <object_component id="oc-146">
         <name>.text</name>
         <load_address>0x9e11</load_address>
         <run_address>0x9e11</run_address>
         <size>0x92</size>
         <input_file_ref idref="fl-3"/>
      </object_component>
      <object_component id="oc-126">
         <name>.text</name>
         <load_address>0x9ea3</load_address>
         <run_address>0x9ea3</run_address>
         <size>0x88</size>
         <input_file_ref idref="fl-38"/>
      </object_component>
      <object_component id="oc-147">
         <name>.text</name>
         <load_address>0x9f2b</load_address>
         <run_address>0x9f2b</run_address>
         <size>0x61</size>
         <input_file_ref idref="fl-34"/>
      </object_component>
      <object_component id="oc-148">
         <name>.text</name>
         <load_address>0x9f8c</load_address>
         <run_address>0x9f8c</run_address>
         <size>0x58</size>
         <input_file_ref idref="fl-39"/>
      </object_component>
      <object_component id="oc-14e">
         <name>.text</name>
         <load_address>0x9fe4</load_address>
         <run_address>0x9fe4</run_address>
         <size>0x56</size>
         <input_file_ref idref="fl-14"/>
      </object_component>
      <object_component id="oc-13e">
         <name>.text</name>
         <load_address>0xa03a</load_address>
         <run_address>0xa03a</run_address>
         <size>0x4a</size>
         <input_file_ref idref="fl-2"/>
      </object_component>
      <object_component id="oc-4a">
         <name>.text</name>
         <load_address>0xa084</load_address>
         <run_address>0xa084</run_address>
         <size>0x46</size>
         <input_file_ref idref="fl-33"/>
      </object_component>
      <object_component id="oc-107">
         <name>.text:retain</name>
         <load_address>0xa0ca</load_address>
         <run_address>0xa0ca</run_address>
         <size>0x3c</size>
         <input_file_ref idref="fl-22"/>
      </object_component>
      <object_component id="oc-14f">
         <name>.text</name>
         <load_address>0xa106</load_address>
         <run_address>0xa106</run_address>
         <size>0x28</size>
         <input_file_ref idref="fl-e"/>
      </object_component>
      <object_component id="oc-149">
         <name>.text</name>
         <load_address>0xa12e</load_address>
         <run_address>0xa12e</run_address>
         <size>0x23</size>
         <input_file_ref idref="fl-3a"/>
      </object_component>
      <object_component id="oc-150">
         <name>.text</name>
         <load_address>0xa151</load_address>
         <run_address>0xa151</run_address>
         <size>0x20</size>
         <input_file_ref idref="fl-d"/>
      </object_component>
      <object_component id="oc-13c">
         <name>.text</name>
         <load_address>0xa171</load_address>
         <run_address>0xa171</run_address>
         <size>0x19</size>
         <input_file_ref idref="fl-3c"/>
      </object_component>
      <object_component id="oc-13d">
         <name>.text</name>
         <load_address>0xa18a</load_address>
         <run_address>0xa18a</run_address>
         <size>0x19</size>
         <input_file_ref idref="fl-36"/>
      </object_component>
      <object_component id="oc-14a">
         <name>.text</name>
         <load_address>0xa1a3</load_address>
         <run_address>0xa1a3</run_address>
         <size>0x16</size>
         <input_file_ref idref="fl-37"/>
      </object_component>
      <object_component id="oc-151">
         <name>.text</name>
         <load_address>0xa1b9</load_address>
         <run_address>0xa1b9</run_address>
         <size>0x14</size>
         <input_file_ref idref="fl-1f"/>
      </object_component>
      <object_component id="oc-145">
         <name>.text</name>
         <load_address>0xa1cd</load_address>
         <run_address>0xa1cd</run_address>
         <size>0x9</size>
         <input_file_ref idref="fl-3b"/>
      </object_component>
      <object_component id="oc-f3">
         <name>.text</name>
         <load_address>0xa1d6</load_address>
         <run_address>0xa1d6</run_address>
         <size>0x8</size>
         <input_file_ref idref="fl-1d"/>
      </object_component>
      <object_component id="oc-dd">
         <name>.text</name>
         <load_address>0xa1de</load_address>
         <run_address>0xa1de</run_address>
         <size>0x7</size>
         <input_file_ref idref="fl-18"/>
      </object_component>
      <object_component id="oc-ea">
         <name>.text</name>
         <load_address>0xa1e5</load_address>
         <run_address>0xa1e5</run_address>
         <size>0x3</size>
         <input_file_ref idref="fl-1b"/>
      </object_component>
      <object_component id="oc-5e">
         <name>.cinit</name>
         <load_address>0x8000</load_address>
         <run_address>0x8000</run_address>
         <size>0xb5</size>
         <input_file_ref idref="fl-5"/>
      </object_component>
      <object_component id="oc-51">
         <name>.cinit</name>
         <load_address>0x80b5</load_address>
         <run_address>0x80b5</run_address>
         <size>0xb2</size>
         <input_file_ref idref="fl-3"/>
      </object_component>
      <object_component id="oc-133">
         <name>.cinit</name>
         <load_address>0x8167</load_address>
         <run_address>0x8167</run_address>
         <size>0xa</size>
         <input_file_ref idref="fl-3b"/>
      </object_component>
      <object_component id="oc-11d">
         <name>.cinit</name>
         <load_address>0x8171</load_address>
         <run_address>0x8171</run_address>
         <size>0xa</size>
         <input_file_ref idref="fl-36"/>
      </object_component>
      <object_component id="oc-58">
         <name>.cinit</name>
         <load_address>0x817b</load_address>
         <run_address>0x817b</run_address>
         <size>0x4</size>
         <input_file_ref idref="fl-4"/>
      </object_component>
      <object_component id="oc-119">
         <name>.cinit</name>
         <load_address>0x817f</load_address>
         <run_address>0x817f</run_address>
         <size>0x4</size>
         <input_file_ref idref="fl-35"/>
      </object_component>
      <object_component id="oc-10f">
         <name>.stack</name>
         <uninitialized>true</uninitialized>
         <run_address>0x400</run_address>
         <size>0x0</size>
         <input_file_ref idref="fl-33"/>
      </object_component>
      <object_component id="oc-1a4">
         <name>.stack</name>
         <uninitialized>true</uninitialized>
         <run_address>0x400</run_address>
         <size>0x0</size>
      </object_component>
      <object_component id="oc-53">
         <name>.ebss</name>
         <uninitialized>true</uninitialized>
         <run_address>0xc000</run_address>
         <size>0x1884</size>
         <input_file_ref idref="fl-3"/>
      </object_component>
      <object_component id="oc-59">
         <name>.ebss</name>
         <uninitialized>true</uninitialized>
         <run_address>0xd8a4</run_address>
         <size>0x1</size>
         <input_file_ref idref="fl-4"/>
      </object_component>
      <object_component id="oc-5f">
         <name>.ebss</name>
         <uninitialized>true</uninitialized>
         <run_address>0xd8c0</run_address>
         <size>0xb6</size>
         <input_file_ref idref="fl-5"/>
      </object_component>
      <object_component id="oc-ef">
         <name>.ebss</name>
         <uninitialized>true</uninitialized>
         <run_address>0xd884</run_address>
         <size>0x18</size>
         <input_file_ref idref="fl-1c"/>
      </object_component>
      <object_component id="oc-11a">
         <name>.ebss</name>
         <uninitialized>true</uninitialized>
         <run_address>0xd8a5</run_address>
         <size>0x1</size>
         <input_file_ref idref="fl-35"/>
      </object_component>
      <object_component id="oc-11e">
         <name>.ebss</name>
         <uninitialized>true</uninitialized>
         <run_address>0xd8a0</run_address>
         <size>0x4</size>
         <input_file_ref idref="fl-36"/>
      </object_component>
      <object_component id="oc-134">
         <name>.ebss</name>
         <uninitialized>true</uninitialized>
         <run_address>0xd89c</run_address>
         <size>0x4</size>
         <input_file_ref idref="fl-3b"/>
      </object_component>
      <object_component id="oc-81">
         <name>.econst</name>
         <load_address>0xe000</load_address>
         <run_address>0xe000</run_address>
         <size>0x100</size>
         <input_file_ref idref="fl-d"/>
      </object_component>
      <object_component id="oc-52">
         <name>.econst</name>
         <load_address>0xe100</load_address>
         <run_address>0xe100</run_address>
         <size>0x1a</size>
         <input_file_ref idref="fl-3"/>
      </object_component>
      <object_component id="oc-4c">
         <name>.econst</name>
         <load_address>0xe11a</load_address>
         <run_address>0xe11a</run_address>
         <size>0x12</size>
         <input_file_ref idref="fl-2"/>
      </object_component>
      <object_component id="oc-14b">
         <name>.econst:_a$1</name>
         <load_address>0xe12c</load_address>
         <run_address>0xe12c</run_address>
         <size>0x8</size>
         <input_file_ref idref="fl-32"/>
      </object_component>
      <object_component id="oc-110">
         <name>.reset</name>
         <load_address>0x3fffc0</load_address>
         <run_address>0x3fffc0</run_address>
         <size>0x2</size>
         <input_file_ref idref="fl-33"/>
      </object_component>
      <object_component id="oc-f9">
         <name>csm_rsvd</name>
         <load_address>0x33ff80</load_address>
         <run_address>0x33ff80</run_address>
         <size>0x76</size>
         <input_file_ref idref="fl-1e"/>
      </object_component>
      <object_component id="oc-f8">
         <name>csmpasswds</name>
         <load_address>0x33fff8</load_address>
         <run_address>0x33fff8</run_address>
         <size>0x8</size>
         <input_file_ref idref="fl-1e"/>
      </object_component>
      <object_component id="oc-fe">
         <name>.adc_cal</name>
         <load_address>0x380080</load_address>
         <run_address>0x380080</run_address>
         <size>0x7</size>
         <input_file_ref idref="fl-20"/>
      </object_component>
      <object_component id="oc-cb">
         <name>PieVectTableFile</name>
         <uninitialized>true</uninitialized>
         <run_address>0xd00</run_address>
         <size>0x100</size>
         <input_file_ref idref="fl-13"/>
      </object_component>
      <object_component id="oc-c7">
         <name>DevEmuRegsFile</name>
         <uninitialized>true</uninitialized>
         <run_address>0x880</run_address>
         <size>0xd0</size>
         <input_file_ref idref="fl-13"/>
      </object_component>
      <object_component id="oc-9d">
         <name>FlashRegsFile</name>
         <uninitialized>true</uninitialized>
         <run_address>0xa80</run_address>
         <size>0x8</size>
         <input_file_ref idref="fl-13"/>
      </object_component>
      <object_component id="oc-a5">
         <name>CsmRegsFile</name>
         <uninitialized>true</uninitialized>
         <run_address>0xae0</run_address>
         <size>0x10</size>
         <input_file_ref idref="fl-13"/>
      </object_component>
      <object_component id="oc-a6">
         <name>AdcMirrorFile</name>
         <uninitialized>true</uninitialized>
         <run_address>0xb00</run_address>
         <size>0x10</size>
         <input_file_ref idref="fl-13"/>
      </object_component>
      <object_component id="oc-aa">
         <name>XintfRegsFile</name>
         <uninitialized>true</uninitialized>
         <run_address>0xb20</run_address>
         <size>0x1e</size>
         <input_file_ref idref="fl-13"/>
      </object_component>
      <object_component id="oc-9e">
         <name>CpuTimer0RegsFile</name>
         <uninitialized>true</uninitialized>
         <run_address>0xc00</run_address>
         <size>0x8</size>
         <input_file_ref idref="fl-13"/>
      </object_component>
      <object_component id="oc-9f">
         <name>CpuTimer1RegsFile</name>
         <uninitialized>true</uninitialized>
         <run_address>0xc08</run_address>
         <size>0x8</size>
         <input_file_ref idref="fl-13"/>
      </object_component>
      <object_component id="oc-9b">
         <name>CpuTimer2RegsFile</name>
         <uninitialized>true</uninitialized>
         <run_address>0xc10</run_address>
         <size>0x8</size>
         <input_file_ref idref="fl-13"/>
      </object_component>
      <object_component id="oc-a8">
         <name>PieCtrlRegsFile</name>
         <uninitialized>true</uninitialized>
         <run_address>0xce0</run_address>
         <size>0x1a</size>
         <input_file_ref idref="fl-13"/>
      </object_component>
      <object_component id="oc-c8">
         <name>DmaRegsFile</name>
         <uninitialized>true</uninitialized>
         <run_address>0x1000</run_address>
         <size>0xe0</size>
         <input_file_ref idref="fl-13"/>
      </object_component>
      <object_component id="oc-bb">
         <name>McbspaRegsFile</name>
         <uninitialized>true</uninitialized>
         <run_address>0x5000</run_address>
         <size>0x25</size>
         <input_file_ref idref="fl-13"/>
      </object_component>
      <object_component id="oc-ba">
         <name>McbspbRegsFile</name>
         <uninitialized>true</uninitialized>
         <run_address>0x5040</run_address>
         <size>0x25</size>
         <input_file_ref idref="fl-13"/>
      </object_component>
      <object_component id="oc-bd">
         <name>ECanaRegsFile</name>
         <uninitialized>true</uninitialized>
         <run_address>0x6000</run_address>
         <size>0x34</size>
         <input_file_ref idref="fl-13"/>
      </object_component>
      <object_component id="oc-c1">
         <name>ECanaLAMRegsFile</name>
         <uninitialized>true</uninitialized>
         <run_address>0x6040</run_address>
         <size>0x40</size>
         <input_file_ref idref="fl-13"/>
      </object_component>
      <object_component id="oc-ca">
         <name>ECanaMboxesFile</name>
         <uninitialized>true</uninitialized>
         <run_address>0x6100</run_address>
         <size>0x100</size>
         <input_file_ref idref="fl-13"/>
      </object_component>
      <object_component id="oc-c2">
         <name>ECanaMOTSRegsFile</name>
         <uninitialized>true</uninitialized>
         <run_address>0x6080</run_address>
         <size>0x40</size>
         <input_file_ref idref="fl-13"/>
      </object_component>
      <object_component id="oc-bf">
         <name>ECanaMOTORegsFile</name>
         <uninitialized>true</uninitialized>
         <run_address>0x60c0</run_address>
         <size>0x40</size>
         <input_file_ref idref="fl-13"/>
      </object_component>
      <object_component id="oc-be">
         <name>ECanbRegsFile</name>
         <uninitialized>true</uninitialized>
         <run_address>0x6200</run_address>
         <size>0x34</size>
         <input_file_ref idref="fl-13"/>
      </object_component>
      <object_component id="oc-c6">
         <name>ECanbLAMRegsFile</name>
         <uninitialized>true</uninitialized>
         <run_address>0x6240</run_address>
         <size>0x40</size>
         <input_file_ref idref="fl-13"/>
      </object_component>
      <object_component id="oc-c9">
         <name>ECanbMboxesFile</name>
         <uninitialized>true</uninitialized>
         <run_address>0x6300</run_address>
         <size>0x100</size>
         <input_file_ref idref="fl-13"/>
      </object_component>
      <object_component id="oc-c0">
         <name>ECanbMOTSRegsFile</name>
         <uninitialized>true</uninitialized>
         <run_address>0x6280</run_address>
         <size>0x40</size>
         <input_file_ref idref="fl-13"/>
      </object_component>
      <object_component id="oc-c3">
         <name>ECanbMOTORegsFile</name>
         <uninitialized>true</uninitialized>
         <run_address>0x62c0</run_address>
         <size>0x40</size>
         <input_file_ref idref="fl-13"/>
      </object_component>
      <object_component id="oc-b8">
         <name>EPwm1RegsFile</name>
         <uninitialized>true</uninitialized>
         <run_address>0x6800</run_address>
         <size>0x22</size>
         <input_file_ref idref="fl-13"/>
      </object_component>
      <object_component id="oc-b3">
         <name>EPwm2RegsFile</name>
         <uninitialized>true</uninitialized>
         <run_address>0x6840</run_address>
         <size>0x22</size>
         <input_file_ref idref="fl-13"/>
      </object_component>
      <object_component id="oc-b4">
         <name>EPwm3RegsFile</name>
         <uninitialized>true</uninitialized>
         <run_address>0x6880</run_address>
         <size>0x22</size>
         <input_file_ref idref="fl-13"/>
      </object_component>
      <object_component id="oc-b9">
         <name>EPwm4RegsFile</name>
         <uninitialized>true</uninitialized>
         <run_address>0x68c0</run_address>
         <size>0x22</size>
         <input_file_ref idref="fl-13"/>
      </object_component>
      <object_component id="oc-b6">
         <name>EPwm5RegsFile</name>
         <uninitialized>true</uninitialized>
         <run_address>0x6900</run_address>
         <size>0x22</size>
         <input_file_ref idref="fl-13"/>
      </object_component>
      <object_component id="oc-b7">
         <name>EPwm6RegsFile</name>
         <uninitialized>true</uninitialized>
         <run_address>0x6940</run_address>
         <size>0x22</size>
         <input_file_ref idref="fl-13"/>
      </object_component>
      <object_component id="oc-ad">
         <name>ECap1RegsFile</name>
         <uninitialized>true</uninitialized>
         <run_address>0x6a00</run_address>
         <size>0x20</size>
         <input_file_ref idref="fl-13"/>
      </object_component>
      <object_component id="oc-ae">
         <name>ECap2RegsFile</name>
         <uninitialized>true</uninitialized>
         <run_address>0x6a20</run_address>
         <size>0x20</size>
         <input_file_ref idref="fl-13"/>
      </object_component>
      <object_component id="oc-ab">
         <name>ECap3RegsFile</name>
         <uninitialized>true</uninitialized>
         <run_address>0x6a40</run_address>
         <size>0x20</size>
         <input_file_ref idref="fl-13"/>
      </object_component>
      <object_component id="oc-ac">
         <name>ECap4RegsFile</name>
         <uninitialized>true</uninitialized>
         <run_address>0x6a60</run_address>
         <size>0x20</size>
         <input_file_ref idref="fl-13"/>
      </object_component>
      <object_component id="oc-b1">
         <name>ECap5RegsFile</name>
         <uninitialized>true</uninitialized>
         <run_address>0x6a80</run_address>
         <size>0x20</size>
         <input_file_ref idref="fl-13"/>
      </object_component>
      <object_component id="oc-b2">
         <name>ECap6RegsFile</name>
         <uninitialized>true</uninitialized>
         <run_address>0x6aa0</run_address>
         <size>0x20</size>
         <input_file_ref idref="fl-13"/>
      </object_component>
      <object_component id="oc-c4">
         <name>EQep1RegsFile</name>
         <uninitialized>true</uninitialized>
         <run_address>0x6b00</run_address>
         <size>0x40</size>
         <input_file_ref idref="fl-13"/>
      </object_component>
      <object_component id="oc-c5">
         <name>EQep2RegsFile</name>
         <uninitialized>true</uninitialized>
         <run_address>0x6b40</run_address>
         <size>0x40</size>
         <input_file_ref idref="fl-13"/>
      </object_component>
      <object_component id="oc-bc">
         <name>GpioCtrlRegsFile</name>
         <uninitialized>true</uninitialized>
         <run_address>0x6f80</run_address>
         <size>0x2e</size>
         <input_file_ref idref="fl-13"/>
      </object_component>
      <object_component id="oc-af">
         <name>GpioDataRegsFile</name>
         <uninitialized>true</uninitialized>
         <run_address>0x6fc0</run_address>
         <size>0x20</size>
         <input_file_ref idref="fl-13"/>
      </object_component>
      <object_component id="oc-a0">
         <name>GpioIntRegsFile</name>
         <uninitialized>true</uninitialized>
         <run_address>0x6fe0</run_address>
         <size>0xa</size>
         <input_file_ref idref="fl-13"/>
      </object_component>
      <object_component id="oc-b0">
         <name>SysCtrlRegsFile</name>
         <uninitialized>true</uninitialized>
         <run_address>0x7010</run_address>
         <size>0x20</size>
         <input_file_ref idref="fl-13"/>
      </object_component>
      <object_component id="oc-a1">
         <name>SpiaRegsFile</name>
         <uninitialized>true</uninitialized>
         <run_address>0x7040</run_address>
         <size>0x10</size>
         <input_file_ref idref="fl-13"/>
      </object_component>
      <object_component id="oc-a4">
         <name>SciaRegsFile</name>
         <uninitialized>true</uninitialized>
         <run_address>0x7050</run_address>
         <size>0x10</size>
         <input_file_ref idref="fl-13"/>
      </object_component>
      <object_component id="oc-a7">
         <name>XIntruptRegsFile</name>
         <uninitialized>true</uninitialized>
         <run_address>0x7070</run_address>
         <size>0x10</size>
         <input_file_ref idref="fl-13"/>
      </object_component>
      <object_component id="oc-a9">
         <name>AdcRegsFile</name>
         <uninitialized>true</uninitialized>
         <run_address>0x7100</run_address>
         <size>0x1e</size>
         <input_file_ref idref="fl-13"/>
      </object_component>
      <object_component id="oc-a2">
         <name>ScibRegsFile</name>
         <uninitialized>true</uninitialized>
         <run_address>0x7750</run_address>
         <size>0x10</size>
         <input_file_ref idref="fl-13"/>
      </object_component>
      <object_component id="oc-a3">
         <name>ScicRegsFile</name>
         <uninitialized>true</uninitialized>
         <run_address>0x7770</run_address>
         <size>0x10</size>
         <input_file_ref idref="fl-13"/>
      </object_component>
      <object_component id="oc-b5">
         <name>I2caRegsFile</name>
         <uninitialized>true</uninitialized>
         <run_address>0x7900</run_address>
         <size>0x22</size>
         <input_file_ref idref="fl-13"/>
      </object_component>
      <object_component id="oc-9c">
         <name>CsmPwlFile</name>
         <uninitialized>true</uninitialized>
         <run_address>0x33fff8</run_address>
         <size>0x8</size>
         <input_file_ref idref="fl-13"/>
      </object_component>
      <object_component id="oc-9a">
         <name>PartIdRegsFile</name>
         <uninitialized>true</uninitialized>
         <run_address>0x380090</run_address>
         <size>0x1</size>
         <input_file_ref idref="fl-13"/>
      </object_component>
      <object_component id="oc-4b">
         <name>.debug_info</name>
         <load_address>0x0</load_address>
         <run_address>0x0</run_address>
         <size>0x5a0</size>
         <input_file_ref idref="fl-2"/>
      </object_component>
      <object_component id="oc-50">
         <name>.debug_info</name>
         <load_address>0x5a0</load_address>
         <run_address>0x5a0</run_address>
         <size>0x6a6c</size>
         <input_file_ref idref="fl-3"/>
      </object_component>
      <object_component id="oc-57">
         <name>.debug_info</name>
         <load_address>0x700c</load_address>
         <run_address>0x700c</run_address>
         <size>0x10e2</size>
         <input_file_ref idref="fl-4"/>
      </object_component>
      <object_component id="oc-5d">
         <name>.debug_info</name>
         <load_address>0x80ee</load_address>
         <run_address>0x80ee</run_address>
         <size>0x619b</size>
         <input_file_ref idref="fl-5"/>
      </object_component>
      <object_component id="oc-64">
         <name>.debug_info</name>
         <load_address>0xe289</load_address>
         <run_address>0xe289</run_address>
         <size>0x64d</size>
         <input_file_ref idref="fl-6"/>
      </object_component>
      <object_component id="oc-68">
         <name>.debug_info</name>
         <load_address>0xe8d6</load_address>
         <run_address>0xe8d6</run_address>
         <size>0xa10</size>
         <input_file_ref idref="fl-7"/>
      </object_component>
      <object_component id="oc-6d">
         <name>.debug_info</name>
         <load_address>0xf2e6</load_address>
         <run_address>0xf2e6</run_address>
         <size>0xed</size>
         <input_file_ref idref="fl-8"/>
      </object_component>
      <object_component id="oc-70">
         <name>.debug_info</name>
         <load_address>0xf3d3</load_address>
         <run_address>0xf3d3</run_address>
         <size>0x20d2</size>
         <input_file_ref idref="fl-9"/>
      </object_component>
      <object_component id="oc-74">
         <name>.debug_info</name>
         <load_address>0x114a5</load_address>
         <run_address>0x114a5</run_address>
         <size>0x1f74</size>
         <input_file_ref idref="fl-a"/>
      </object_component>
      <object_component id="oc-78">
         <name>.debug_info</name>
         <load_address>0x13419</load_address>
         <run_address>0x13419</run_address>
         <size>0x1b4a</size>
         <input_file_ref idref="fl-b"/>
      </object_component>
      <object_component id="oc-7c">
         <name>.debug_info</name>
         <load_address>0x14f63</load_address>
         <run_address>0x14f63</run_address>
         <size>0x1b4a</size>
         <input_file_ref idref="fl-c"/>
      </object_component>
      <object_component id="oc-80">
         <name>.debug_info</name>
         <load_address>0x16aad</load_address>
         <run_address>0x16aad</run_address>
         <size>0x2295</size>
         <input_file_ref idref="fl-d"/>
      </object_component>
      <object_component id="oc-85">
         <name>.debug_info</name>
         <load_address>0x18d42</load_address>
         <run_address>0x18d42</run_address>
         <size>0xb23</size>
         <input_file_ref idref="fl-e"/>
      </object_component>
      <object_component id="oc-89">
         <name>.debug_info</name>
         <load_address>0x19865</load_address>
         <run_address>0x19865</run_address>
         <size>0x376</size>
         <input_file_ref idref="fl-f"/>
      </object_component>
      <object_component id="oc-8d">
         <name>.debug_info</name>
         <load_address>0x19bdb</load_address>
         <run_address>0x19bdb</run_address>
         <size>0x485e</size>
         <input_file_ref idref="fl-10"/>
      </object_component>
      <object_component id="oc-91">
         <name>.debug_info</name>
         <load_address>0x1e439</load_address>
         <run_address>0x1e439</run_address>
         <size>0x1b4a</size>
         <input_file_ref idref="fl-11"/>
      </object_component>
      <object_component id="oc-95">
         <name>.debug_info</name>
         <load_address>0x1ff83</load_address>
         <run_address>0x1ff83</run_address>
         <size>0x1b4b</size>
         <input_file_ref idref="fl-12"/>
      </object_component>
      <object_component id="oc-99">
         <name>.debug_info</name>
         <load_address>0x21ace</load_address>
         <run_address>0x21ace</run_address>
         <size>0x12ef4</size>
         <input_file_ref idref="fl-13"/>
      </object_component>
      <object_component id="oc-cd">
         <name>.debug_info</name>
         <load_address>0x349c2</load_address>
         <run_address>0x349c2</run_address>
         <size>0x1ccd</size>
         <input_file_ref idref="fl-14"/>
      </object_component>
      <object_component id="oc-d1">
         <name>.debug_info</name>
         <load_address>0x3668f</load_address>
         <run_address>0x3668f</run_address>
         <size>0x1f39</size>
         <input_file_ref idref="fl-15"/>
      </object_component>
      <object_component id="oc-d5">
         <name>.debug_info</name>
         <load_address>0x385c8</load_address>
         <run_address>0x385c8</run_address>
         <size>0x1b4b</size>
         <input_file_ref idref="fl-16"/>
      </object_component>
      <object_component id="oc-d9">
         <name>.debug_info</name>
         <load_address>0x3a113</load_address>
         <run_address>0x3a113</run_address>
         <size>0x5c41</size>
         <input_file_ref idref="fl-17"/>
      </object_component>
      <object_component id="oc-de">
         <name>.debug_info</name>
         <load_address>0x3fd54</load_address>
         <run_address>0x3fd54</run_address>
         <size>0xf1</size>
         <input_file_ref idref="fl-18"/>
      </object_component>
      <object_component id="oc-e1">
         <name>.debug_info</name>
         <load_address>0x3fe45</load_address>
         <run_address>0x3fe45</run_address>
         <size>0x2012</size>
         <input_file_ref idref="fl-19"/>
      </object_component>
      <object_component id="oc-e6">
         <name>.debug_info</name>
         <load_address>0x41e57</load_address>
         <run_address>0x41e57</run_address>
         <size>0x16c6</size>
         <input_file_ref idref="fl-1a"/>
      </object_component>
      <object_component id="oc-eb">
         <name>.debug_info</name>
         <load_address>0x4351d</load_address>
         <run_address>0x4351d</run_address>
         <size>0xeb</size>
         <input_file_ref idref="fl-1b"/>
      </object_component>
      <object_component id="oc-ee">
         <name>.debug_info</name>
         <load_address>0x43608</load_address>
         <run_address>0x43608</run_address>
         <size>0x817</size>
         <input_file_ref idref="fl-1c"/>
      </object_component>
      <object_component id="oc-f5">
         <name>.debug_info</name>
         <load_address>0x43e1f</load_address>
         <run_address>0x43e1f</run_address>
         <size>0x12a</size>
         <input_file_ref idref="fl-1d"/>
      </object_component>
      <object_component id="oc-fa">
         <name>.debug_info</name>
         <load_address>0x43f49</load_address>
         <run_address>0x43f49</run_address>
         <size>0x1e51</size>
         <input_file_ref idref="fl-1f"/>
      </object_component>
      <object_component id="oc-ff">
         <name>.debug_info</name>
         <load_address>0x45d9a</load_address>
         <run_address>0x45d9a</run_address>
         <size>0xed</size>
         <input_file_ref idref="fl-20"/>
      </object_component>
      <object_component id="oc-102">
         <name>.debug_info</name>
         <load_address>0x45e87</load_address>
         <run_address>0x45e87</run_address>
         <size>0x651</size>
         <input_file_ref idref="fl-21"/>
      </object_component>
      <object_component id="oc-106">
         <name>.debug_info</name>
         <load_address>0x464d8</load_address>
         <run_address>0x464d8</run_address>
         <size>0x269f</size>
         <input_file_ref idref="fl-22"/>
      </object_component>
      <object_component id="oc-10b">
         <name>.debug_info</name>
         <load_address>0x48b77</load_address>
         <run_address>0x48b77</run_address>
         <size>0x4f5</size>
         <input_file_ref idref="fl-32"/>
      </object_component>
      <object_component id="oc-111">
         <name>.debug_info</name>
         <load_address>0x4906c</load_address>
         <run_address>0x4906c</run_address>
         <size>0xde</size>
         <input_file_ref idref="fl-33"/>
      </object_component>
      <object_component id="oc-114">
         <name>.debug_info</name>
         <load_address>0x4914a</load_address>
         <run_address>0x4914a</run_address>
         <size>0x3c6</size>
         <input_file_ref idref="fl-34"/>
      </object_component>
      <object_component id="oc-118">
         <name>.debug_info</name>
         <load_address>0x49510</load_address>
         <run_address>0x49510</run_address>
         <size>0x355</size>
         <input_file_ref idref="fl-35"/>
      </object_component>
      <object_component id="oc-11c">
         <name>.debug_info</name>
         <load_address>0x49865</load_address>
         <run_address>0x49865</run_address>
         <size>0x488</size>
         <input_file_ref idref="fl-36"/>
      </object_component>
      <object_component id="oc-122">
         <name>.debug_info</name>
         <load_address>0x49ced</load_address>
         <run_address>0x49ced</run_address>
         <size>0x3d2</size>
         <input_file_ref idref="fl-37"/>
      </object_component>
      <object_component id="oc-127">
         <name>.debug_info</name>
         <load_address>0x4a0bf</load_address>
         <run_address>0x4a0bf</run_address>
         <size>0xc0</size>
         <input_file_ref idref="fl-38"/>
      </object_component>
      <object_component id="oc-12a">
         <name>.debug_info</name>
         <load_address>0x4a17f</load_address>
         <run_address>0x4a17f</run_address>
         <size>0x3d8</size>
         <input_file_ref idref="fl-39"/>
      </object_component>
      <object_component id="oc-12e">
         <name>.debug_info</name>
         <load_address>0x4a557</load_address>
         <run_address>0x4a557</run_address>
         <size>0x3e0</size>
         <input_file_ref idref="fl-3a"/>
      </object_component>
      <object_component id="oc-132">
         <name>.debug_info</name>
         <load_address>0x4a937</load_address>
         <run_address>0x4a937</run_address>
         <size>0x4ae</size>
         <input_file_ref idref="fl-3b"/>
      </object_component>
      <object_component id="oc-138">
         <name>.debug_info</name>
         <load_address>0x4ade5</load_address>
         <run_address>0x4ade5</run_address>
         <size>0x46f</size>
         <input_file_ref idref="fl-3c"/>
      </object_component>
      <object_component id="oc-1a5">
         <name>.debug_info</name>
         <load_address>0x4b254</load_address>
         <run_address>0x4b254</run_address>
         <size>0x6f</size>
      </object_component>
      <object_component id="oc-4d">
         <name>.debug_frame</name>
         <load_address>0x0</load_address>
         <run_address>0x0</run_address>
         <size>0xca</size>
         <input_file_ref idref="fl-2"/>
      </object_component>
      <object_component id="oc-54">
         <name>.debug_frame</name>
         <load_address>0xca</load_address>
         <run_address>0xca</run_address>
         <size>0xaa</size>
         <input_file_ref idref="fl-3"/>
      </object_component>
      <object_component id="oc-5a">
         <name>.debug_frame</name>
         <load_address>0x174</load_address>
         <run_address>0x174</run_address>
         <size>0xc5</size>
         <input_file_ref idref="fl-4"/>
      </object_component>
      <object_component id="oc-61">
         <name>.debug_frame</name>
         <load_address>0x239</load_address>
         <run_address>0x239</run_address>
         <size>0x140</size>
         <input_file_ref idref="fl-5"/>
      </object_component>
      <object_component id="oc-65">
         <name>.debug_frame</name>
         <load_address>0x379</load_address>
         <run_address>0x379</run_address>
         <size>0xde</size>
         <input_file_ref idref="fl-6"/>
      </object_component>
      <object_component id="oc-69">
         <name>.debug_frame</name>
         <load_address>0x457</load_address>
         <run_address>0x457</run_address>
         <size>0x146</size>
         <input_file_ref idref="fl-7"/>
      </object_component>
      <object_component id="oc-71">
         <name>.debug_frame</name>
         <load_address>0x59d</load_address>
         <run_address>0x59d</run_address>
         <size>0x8e</size>
         <input_file_ref idref="fl-9"/>
      </object_component>
      <object_component id="oc-75">
         <name>.debug_frame</name>
         <load_address>0x62b</load_address>
         <run_address>0x62b</run_address>
         <size>0x12c</size>
         <input_file_ref idref="fl-a"/>
      </object_component>
      <object_component id="oc-79">
         <name>.debug_frame</name>
         <load_address>0x757</load_address>
         <run_address>0x757</run_address>
         <size>0x8e</size>
         <input_file_ref idref="fl-b"/>
      </object_component>
      <object_component id="oc-7d">
         <name>.debug_frame</name>
         <load_address>0x7e5</load_address>
         <run_address>0x7e5</run_address>
         <size>0x8e</size>
         <input_file_ref idref="fl-c"/>
      </object_component>
      <object_component id="oc-82">
         <name>.debug_frame</name>
         <load_address>0x873</load_address>
         <run_address>0x873</run_address>
         <size>0xac</size>
         <input_file_ref idref="fl-d"/>
      </object_component>
      <object_component id="oc-86">
         <name>.debug_frame</name>
         <load_address>0x91f</load_address>
         <run_address>0x91f</run_address>
         <size>0xbe</size>
         <input_file_ref idref="fl-e"/>
      </object_component>
      <object_component id="oc-8a">
         <name>.debug_frame</name>
         <load_address>0x9dd</load_address>
         <run_address>0x9dd</run_address>
         <size>0x8e</size>
         <input_file_ref idref="fl-f"/>
      </object_component>
      <object_component id="oc-8e">
         <name>.debug_frame</name>
         <load_address>0xa6b</load_address>
         <run_address>0xa6b</run_address>
         <size>0x8e</size>
         <input_file_ref idref="fl-10"/>
      </object_component>
      <object_component id="oc-92">
         <name>.debug_frame</name>
         <load_address>0xaf9</load_address>
         <run_address>0xaf9</run_address>
         <size>0x8e</size>
         <input_file_ref idref="fl-11"/>
      </object_component>
      <object_component id="oc-96">
         <name>.debug_frame</name>
         <load_address>0xb87</load_address>
         <run_address>0xb87</run_address>
         <size>0x8e</size>
         <input_file_ref idref="fl-12"/>
      </object_component>
      <object_component id="oc-ce">
         <name>.debug_frame</name>
         <load_address>0xc15</load_address>
         <run_address>0xc15</run_address>
         <size>0xee</size>
         <input_file_ref idref="fl-14"/>
      </object_component>
      <object_component id="oc-d2">
         <name>.debug_frame</name>
         <load_address>0xd03</load_address>
         <run_address>0xd03</run_address>
         <size>0x17e</size>
         <input_file_ref idref="fl-15"/>
      </object_component>
      <object_component id="oc-d6">
         <name>.debug_frame</name>
         <load_address>0xe81</load_address>
         <run_address>0xe81</run_address>
         <size>0x8e</size>
         <input_file_ref idref="fl-16"/>
      </object_component>
      <object_component id="oc-da">
         <name>.debug_frame</name>
         <load_address>0xf0f</load_address>
         <run_address>0xf0f</run_address>
         <size>0x8e</size>
         <input_file_ref idref="fl-17"/>
      </object_component>
      <object_component id="oc-e3">
         <name>.debug_frame</name>
         <load_address>0xf9d</load_address>
         <run_address>0xf9d</run_address>
         <size>0xce6</size>
         <input_file_ref idref="fl-19"/>
      </object_component>
      <object_component id="oc-e7">
         <name>.debug_frame</name>
         <load_address>0x1c83</load_address>
         <run_address>0x1c83</run_address>
         <size>0x8e</size>
         <input_file_ref idref="fl-1a"/>
      </object_component>
      <object_component id="oc-f0">
         <name>.debug_frame</name>
         <load_address>0x1d11</load_address>
         <run_address>0x1d11</run_address>
         <size>0x8e</size>
         <input_file_ref idref="fl-1c"/>
      </object_component>
      <object_component id="oc-fb">
         <name>.debug_frame</name>
         <load_address>0x1d9f</load_address>
         <run_address>0x1d9f</run_address>
         <size>0xa6</size>
         <input_file_ref idref="fl-1f"/>
      </object_component>
      <object_component id="oc-103">
         <name>.debug_frame</name>
         <load_address>0x1e45</load_address>
         <run_address>0x1e45</run_address>
         <size>0xe8</size>
         <input_file_ref idref="fl-21"/>
      </object_component>
      <object_component id="oc-108">
         <name>.debug_frame</name>
         <load_address>0x1f2d</load_address>
         <run_address>0x1f2d</run_address>
         <size>0x13d</size>
         <input_file_ref idref="fl-22"/>
      </object_component>
      <object_component id="oc-10c">
         <name>.debug_frame</name>
         <load_address>0x206a</load_address>
         <run_address>0x206a</run_address>
         <size>0xc8</size>
         <input_file_ref idref="fl-32"/>
      </object_component>
      <object_component id="oc-115">
         <name>.debug_frame</name>
         <load_address>0x2132</load_address>
         <run_address>0x2132</run_address>
         <size>0xad</size>
         <input_file_ref idref="fl-34"/>
      </object_component>
      <object_component id="oc-11f">
         <name>.debug_frame</name>
         <load_address>0x21df</load_address>
         <run_address>0x21df</run_address>
         <size>0xc7</size>
         <input_file_ref idref="fl-36"/>
      </object_component>
      <object_component id="oc-123">
         <name>.debug_frame</name>
         <load_address>0x22a6</load_address>
         <run_address>0x22a6</run_address>
         <size>0xac</size>
         <input_file_ref idref="fl-37"/>
      </object_component>
      <object_component id="oc-12b">
         <name>.debug_frame</name>
         <load_address>0x2352</load_address>
         <run_address>0x2352</run_address>
         <size>0xad</size>
         <input_file_ref idref="fl-39"/>
      </object_component>
      <object_component id="oc-12f">
         <name>.debug_frame</name>
         <load_address>0x23ff</load_address>
         <run_address>0x23ff</run_address>
         <size>0xac</size>
         <input_file_ref idref="fl-3a"/>
      </object_component>
      <object_component id="oc-135">
         <name>.debug_frame</name>
         <load_address>0x24ab</load_address>
         <run_address>0x24ab</run_address>
         <size>0xd6</size>
         <input_file_ref idref="fl-3b"/>
      </object_component>
      <object_component id="oc-139">
         <name>.debug_frame</name>
         <load_address>0x2581</load_address>
         <run_address>0x2581</run_address>
         <size>0xa6</size>
         <input_file_ref idref="fl-3c"/>
      </object_component>
      <object_component id="oc-4e">
         <name>.debug_line</name>
         <load_address>0x0</load_address>
         <run_address>0x0</run_address>
         <size>0x6f</size>
         <input_file_ref idref="fl-2"/>
      </object_component>
      <object_component id="oc-55">
         <name>.debug_line</name>
         <load_address>0x6f</load_address>
         <run_address>0x6f</run_address>
         <size>0x81</size>
         <input_file_ref idref="fl-3"/>
      </object_component>
      <object_component id="oc-5b">
         <name>.debug_line</name>
         <load_address>0xf0</load_address>
         <run_address>0xf0</run_address>
         <size>0xb9</size>
         <input_file_ref idref="fl-4"/>
      </object_component>
      <object_component id="oc-62">
         <name>.debug_line</name>
         <load_address>0x1a9</load_address>
         <run_address>0x1a9</run_address>
         <size>0x156</size>
         <input_file_ref idref="fl-5"/>
      </object_component>
      <object_component id="oc-66">
         <name>.debug_line</name>
         <load_address>0x2ff</load_address>
         <run_address>0x2ff</run_address>
         <size>0x67</size>
         <input_file_ref idref="fl-6"/>
      </object_component>
      <object_component id="oc-6a">
         <name>.debug_line</name>
         <load_address>0x366</load_address>
         <run_address>0x366</run_address>
         <size>0x152</size>
         <input_file_ref idref="fl-7"/>
      </object_component>
      <object_component id="oc-6e">
         <name>.debug_line</name>
         <load_address>0x4b8</load_address>
         <run_address>0x4b8</run_address>
         <size>0x45</size>
         <input_file_ref idref="fl-8"/>
      </object_component>
      <object_component id="oc-72">
         <name>.debug_line</name>
         <load_address>0x4fd</load_address>
         <run_address>0x4fd</run_address>
         <size>0x31</size>
         <input_file_ref idref="fl-9"/>
      </object_component>
      <object_component id="oc-76">
         <name>.debug_line</name>
         <load_address>0x52e</load_address>
         <run_address>0x52e</run_address>
         <size>0x142</size>
         <input_file_ref idref="fl-a"/>
      </object_component>
      <object_component id="oc-7a">
         <name>.debug_line</name>
         <load_address>0x670</load_address>
         <run_address>0x670</run_address>
         <size>0x2f</size>
         <input_file_ref idref="fl-b"/>
      </object_component>
      <object_component id="oc-7e">
         <name>.debug_line</name>
         <load_address>0x69f</load_address>
         <run_address>0x69f</run_address>
         <size>0x2f</size>
         <input_file_ref idref="fl-c"/>
      </object_component>
      <object_component id="oc-83">
         <name>.debug_line</name>
         <load_address>0x6ce</load_address>
         <run_address>0x6ce</run_address>
         <size>0x65</size>
         <input_file_ref idref="fl-d"/>
      </object_component>
      <object_component id="oc-87">
         <name>.debug_line</name>
         <load_address>0x733</load_address>
         <run_address>0x733</run_address>
         <size>0x83</size>
         <input_file_ref idref="fl-e"/>
      </object_component>
      <object_component id="oc-8b">
         <name>.debug_line</name>
         <load_address>0x7b6</load_address>
         <run_address>0x7b6</run_address>
         <size>0x33</size>
         <input_file_ref idref="fl-f"/>
      </object_component>
      <object_component id="oc-8f">
         <name>.debug_line</name>
         <load_address>0x7e9</load_address>
         <run_address>0x7e9</run_address>
         <size>0x31</size>
         <input_file_ref idref="fl-10"/>
      </object_component>
      <object_component id="oc-93">
         <name>.debug_line</name>
         <load_address>0x81a</load_address>
         <run_address>0x81a</run_address>
         <size>0x2f</size>
         <input_file_ref idref="fl-11"/>
      </object_component>
      <object_component id="oc-97">
         <name>.debug_line</name>
         <load_address>0x849</load_address>
         <run_address>0x849</run_address>
         <size>0x30</size>
         <input_file_ref idref="fl-12"/>
      </object_component>
      <object_component id="oc-cf">
         <name>.debug_line</name>
         <load_address>0x879</load_address>
         <run_address>0x879</run_address>
         <size>0xa9</size>
         <input_file_ref idref="fl-14"/>
      </object_component>
      <object_component id="oc-d3">
         <name>.debug_line</name>
         <load_address>0x922</load_address>
         <run_address>0x922</run_address>
         <size>0x16b</size>
         <input_file_ref idref="fl-15"/>
      </object_component>
      <object_component id="oc-d7">
         <name>.debug_line</name>
         <load_address>0xa8d</load_address>
         <run_address>0xa8d</run_address>
         <size>0x30</size>
         <input_file_ref idref="fl-16"/>
      </object_component>
      <object_component id="oc-db">
         <name>.debug_line</name>
         <load_address>0xabd</load_address>
         <run_address>0xabd</run_address>
         <size>0x30</size>
         <input_file_ref idref="fl-17"/>
      </object_component>
      <object_component id="oc-df">
         <name>.debug_line</name>
         <load_address>0xaed</load_address>
         <run_address>0xaed</run_address>
         <size>0x48</size>
         <input_file_ref idref="fl-18"/>
      </object_component>
      <object_component id="oc-e4">
         <name>.debug_line</name>
         <load_address>0xb35</load_address>
         <run_address>0xb35</run_address>
         <size>0x74b</size>
         <input_file_ref idref="fl-19"/>
      </object_component>
      <object_component id="oc-e8">
         <name>.debug_line</name>
         <load_address>0x1280</load_address>
         <run_address>0x1280</run_address>
         <size>0x2f</size>
         <input_file_ref idref="fl-1a"/>
      </object_component>
      <object_component id="oc-ec">
         <name>.debug_line</name>
         <load_address>0x12af</load_address>
         <run_address>0x12af</run_address>
         <size>0x44</size>
         <input_file_ref idref="fl-1b"/>
      </object_component>
      <object_component id="oc-f1">
         <name>.debug_line</name>
         <load_address>0x12f3</load_address>
         <run_address>0x12f3</run_address>
         <size>0x35</size>
         <input_file_ref idref="fl-1c"/>
      </object_component>
      <object_component id="oc-f6">
         <name>.debug_line</name>
         <load_address>0x1328</load_address>
         <run_address>0x1328</run_address>
         <size>0x5e</size>
         <input_file_ref idref="fl-1d"/>
      </object_component>
      <object_component id="oc-fc">
         <name>.debug_line</name>
         <load_address>0x1386</load_address>
         <run_address>0x1386</run_address>
         <size>0x4e</size>
         <input_file_ref idref="fl-1f"/>
      </object_component>
      <object_component id="oc-100">
         <name>.debug_line</name>
         <load_address>0x13d4</load_address>
         <run_address>0x13d4</run_address>
         <size>0x46</size>
         <input_file_ref idref="fl-20"/>
      </object_component>
      <object_component id="oc-104">
         <name>.debug_line</name>
         <load_address>0x141a</load_address>
         <run_address>0x141a</run_address>
         <size>0x77</size>
         <input_file_ref idref="fl-21"/>
      </object_component>
      <object_component id="oc-109">
         <name>.debug_line</name>
         <load_address>0x1491</load_address>
         <run_address>0x1491</run_address>
         <size>0x87</size>
         <input_file_ref idref="fl-22"/>
      </object_component>
      <object_component id="oc-10d">
         <name>.debug_line</name>
         <load_address>0x1518</load_address>
         <run_address>0x1518</run_address>
         <size>0xa5</size>
         <input_file_ref idref="fl-32"/>
      </object_component>
      <object_component id="oc-112">
         <name>.debug_line</name>
         <load_address>0x15bd</load_address>
         <run_address>0x15bd</run_address>
         <size>0x71</size>
         <input_file_ref idref="fl-33"/>
      </object_component>
      <object_component id="oc-116">
         <name>.debug_line</name>
         <load_address>0x162e</load_address>
         <run_address>0x162e</run_address>
         <size>0x49</size>
         <input_file_ref idref="fl-34"/>
      </object_component>
      <object_component id="oc-120">
         <name>.debug_line</name>
         <load_address>0x1677</load_address>
         <run_address>0x1677</run_address>
         <size>0x62</size>
         <input_file_ref idref="fl-36"/>
      </object_component>
      <object_component id="oc-124">
         <name>.debug_line</name>
         <load_address>0x16d9</load_address>
         <run_address>0x16d9</run_address>
         <size>0x44</size>
         <input_file_ref idref="fl-37"/>
      </object_component>
      <object_component id="oc-128">
         <name>.debug_line</name>
         <load_address>0x171d</load_address>
         <run_address>0x171d</run_address>
         <size>0xaa</size>
         <input_file_ref idref="fl-38"/>
      </object_component>
      <object_component id="oc-12c">
         <name>.debug_line</name>
         <load_address>0x17c7</load_address>
         <run_address>0x17c7</run_address>
         <size>0x5c</size>
         <input_file_ref idref="fl-39"/>
      </object_component>
      <object_component id="oc-130">
         <name>.debug_line</name>
         <load_address>0x1823</load_address>
         <run_address>0x1823</run_address>
         <size>0x4f</size>
         <input_file_ref idref="fl-3a"/>
      </object_component>
      <object_component id="oc-136">
         <name>.debug_line</name>
         <load_address>0x1872</load_address>
         <run_address>0x1872</run_address>
         <size>0x5b</size>
         <input_file_ref idref="fl-3b"/>
      </object_component>
      <object_component id="oc-13a">
         <name>.debug_line</name>
         <load_address>0x18cd</load_address>
         <run_address>0x18cd</run_address>
         <size>0x50</size>
         <input_file_ref idref="fl-3c"/>
      </object_component>
      <object_component id="oc-4f">
         <name>.debug_abbrev</name>
         <load_address>0x0</load_address>
         <run_address>0x0</run_address>
         <size>0xf8</size>
         <input_file_ref idref="fl-2"/>
      </object_component>
      <object_component id="oc-56">
         <name>.debug_abbrev</name>
         <load_address>0xf8</load_address>
         <run_address>0xf8</run_address>
         <size>0x176</size>
         <input_file_ref idref="fl-3"/>
      </object_component>
      <object_component id="oc-5c">
         <name>.debug_abbrev</name>
         <load_address>0x26e</load_address>
         <run_address>0x26e</run_address>
         <size>0x11e</size>
         <input_file_ref idref="fl-4"/>
      </object_component>
      <object_component id="oc-63">
         <name>.debug_abbrev</name>
         <load_address>0x38c</load_address>
         <run_address>0x38c</run_address>
         <size>0x19c</size>
         <input_file_ref idref="fl-5"/>
      </object_component>
      <object_component id="oc-67">
         <name>.debug_abbrev</name>
         <load_address>0x528</load_address>
         <run_address>0x528</run_address>
         <size>0xcd</size>
         <input_file_ref idref="fl-6"/>
      </object_component>
      <object_component id="oc-6b">
         <name>.debug_abbrev</name>
         <load_address>0x5f5</load_address>
         <run_address>0x5f5</run_address>
         <size>0xee</size>
         <input_file_ref idref="fl-7"/>
      </object_component>
      <object_component id="oc-6f">
         <name>.debug_abbrev</name>
         <load_address>0x6e3</load_address>
         <run_address>0x6e3</run_address>
         <size>0x2c</size>
         <input_file_ref idref="fl-8"/>
      </object_component>
      <object_component id="oc-73">
         <name>.debug_abbrev</name>
         <load_address>0x70f</load_address>
         <run_address>0x70f</run_address>
         <size>0xdb</size>
         <input_file_ref idref="fl-9"/>
      </object_component>
      <object_component id="oc-77">
         <name>.debug_abbrev</name>
         <load_address>0x7ea</load_address>
         <run_address>0x7ea</run_address>
         <size>0x166</size>
         <input_file_ref idref="fl-a"/>
      </object_component>
      <object_component id="oc-7b">
         <name>.debug_abbrev</name>
         <load_address>0x950</load_address>
         <run_address>0x950</run_address>
         <size>0xdb</size>
         <input_file_ref idref="fl-b"/>
      </object_component>
      <object_component id="oc-7f">
         <name>.debug_abbrev</name>
         <load_address>0xa2b</load_address>
         <run_address>0xa2b</run_address>
         <size>0xdb</size>
         <input_file_ref idref="fl-c"/>
      </object_component>
      <object_component id="oc-84">
         <name>.debug_abbrev</name>
         <load_address>0xb06</load_address>
         <run_address>0xb06</run_address>
         <size>0x107</size>
         <input_file_ref idref="fl-d"/>
      </object_component>
      <object_component id="oc-88">
         <name>.debug_abbrev</name>
         <load_address>0xc0d</load_address>
         <run_address>0xc0d</run_address>
         <size>0xbb</size>
         <input_file_ref idref="fl-e"/>
      </object_component>
      <object_component id="oc-8c">
         <name>.debug_abbrev</name>
         <load_address>0xcc8</load_address>
         <run_address>0xcc8</run_address>
         <size>0x8a</size>
         <input_file_ref idref="fl-f"/>
      </object_component>
      <object_component id="oc-90">
         <name>.debug_abbrev</name>
         <load_address>0xd52</load_address>
         <run_address>0xd52</run_address>
         <size>0x133</size>
         <input_file_ref idref="fl-10"/>
      </object_component>
      <object_component id="oc-94">
         <name>.debug_abbrev</name>
         <load_address>0xe85</load_address>
         <run_address>0xe85</run_address>
         <size>0xcd</size>
         <input_file_ref idref="fl-11"/>
      </object_component>
      <object_component id="oc-98">
         <name>.debug_abbrev</name>
         <load_address>0xf52</load_address>
         <run_address>0xf52</run_address>
         <size>0xcd</size>
         <input_file_ref idref="fl-12"/>
      </object_component>
      <object_component id="oc-cc">
         <name>.debug_abbrev</name>
         <load_address>0x101f</load_address>
         <run_address>0x101f</run_address>
         <size>0xb3</size>
         <input_file_ref idref="fl-13"/>
      </object_component>
      <object_component id="oc-d0">
         <name>.debug_abbrev</name>
         <load_address>0x10d2</load_address>
         <run_address>0x10d2</run_address>
         <size>0xdb</size>
         <input_file_ref idref="fl-14"/>
      </object_component>
      <object_component id="oc-d4">
         <name>.debug_abbrev</name>
         <load_address>0x11ad</load_address>
         <run_address>0x11ad</run_address>
         <size>0x100</size>
         <input_file_ref idref="fl-15"/>
      </object_component>
      <object_component id="oc-d8">
         <name>.debug_abbrev</name>
         <load_address>0x12ad</load_address>
         <run_address>0x12ad</run_address>
         <size>0xdb</size>
         <input_file_ref idref="fl-16"/>
      </object_component>
      <object_component id="oc-dc">
         <name>.debug_abbrev</name>
         <load_address>0x1388</load_address>
         <run_address>0x1388</run_address>
         <size>0x13c</size>
         <input_file_ref idref="fl-17"/>
      </object_component>
      <object_component id="oc-e0">
         <name>.debug_abbrev</name>
         <load_address>0x14c4</load_address>
         <run_address>0x14c4</run_address>
         <size>0x2c</size>
         <input_file_ref idref="fl-18"/>
      </object_component>
      <object_component id="oc-e5">
         <name>.debug_abbrev</name>
         <load_address>0x14f0</load_address>
         <run_address>0x14f0</run_address>
         <size>0xa1</size>
         <input_file_ref idref="fl-19"/>
      </object_component>
      <object_component id="oc-e9">
         <name>.debug_abbrev</name>
         <load_address>0x1591</load_address>
         <run_address>0x1591</run_address>
         <size>0x13c</size>
         <input_file_ref idref="fl-1a"/>
      </object_component>
      <object_component id="oc-ed">
         <name>.debug_abbrev</name>
         <load_address>0x16cd</load_address>
         <run_address>0x16cd</run_address>
         <size>0x2c</size>
         <input_file_ref idref="fl-1b"/>
      </object_component>
      <object_component id="oc-f2">
         <name>.debug_abbrev</name>
         <load_address>0x16f9</load_address>
         <run_address>0x16f9</run_address>
         <size>0xf0</size>
         <input_file_ref idref="fl-1c"/>
      </object_component>
      <object_component id="oc-f7">
         <name>.debug_abbrev</name>
         <load_address>0x17e9</load_address>
         <run_address>0x17e9</run_address>
         <size>0x20</size>
         <input_file_ref idref="fl-1d"/>
      </object_component>
      <object_component id="oc-fd">
         <name>.debug_abbrev</name>
         <load_address>0x1809</load_address>
         <run_address>0x1809</run_address>
         <size>0xfe</size>
         <input_file_ref idref="fl-1f"/>
      </object_component>
      <object_component id="oc-101">
         <name>.debug_abbrev</name>
         <load_address>0x1907</load_address>
         <run_address>0x1907</run_address>
         <size>0x2c</size>
         <input_file_ref idref="fl-20"/>
      </object_component>
      <object_component id="oc-105">
         <name>.debug_abbrev</name>
         <load_address>0x1933</load_address>
         <run_address>0x1933</run_address>
         <size>0xcd</size>
         <input_file_ref idref="fl-21"/>
      </object_component>
      <object_component id="oc-10a">
         <name>.debug_abbrev</name>
         <load_address>0x1a00</load_address>
         <run_address>0x1a00</run_address>
         <size>0x137</size>
         <input_file_ref idref="fl-22"/>
      </object_component>
      <object_component id="oc-10e">
         <name>.debug_abbrev</name>
         <load_address>0x1b37</load_address>
         <run_address>0x1b37</run_address>
         <size>0xdb</size>
         <input_file_ref idref="fl-32"/>
      </object_component>
      <object_component id="oc-113">
         <name>.debug_abbrev</name>
         <load_address>0x1c12</load_address>
         <run_address>0x1c12</run_address>
         <size>0x43</size>
         <input_file_ref idref="fl-33"/>
      </object_component>
      <object_component id="oc-117">
         <name>.debug_abbrev</name>
         <load_address>0x1c55</load_address>
         <run_address>0x1c55</run_address>
         <size>0x92</size>
         <input_file_ref idref="fl-34"/>
      </object_component>
      <object_component id="oc-11b">
         <name>.debug_abbrev</name>
         <load_address>0x1ce7</load_address>
         <run_address>0x1ce7</run_address>
         <size>0x35</size>
         <input_file_ref idref="fl-35"/>
      </object_component>
      <object_component id="oc-121">
         <name>.debug_abbrev</name>
         <load_address>0x1d1c</load_address>
         <run_address>0x1d1c</run_address>
         <size>0x10c</size>
         <input_file_ref idref="fl-36"/>
      </object_component>
      <object_component id="oc-125">
         <name>.debug_abbrev</name>
         <load_address>0x1e28</load_address>
         <run_address>0x1e28</run_address>
         <size>0x94</size>
         <input_file_ref idref="fl-37"/>
      </object_component>
      <object_component id="oc-129">
         <name>.debug_abbrev</name>
         <load_address>0x1ebc</load_address>
         <run_address>0x1ebc</run_address>
         <size>0x35</size>
         <input_file_ref idref="fl-38"/>
      </object_component>
      <object_component id="oc-12d">
         <name>.debug_abbrev</name>
         <load_address>0x1ef1</load_address>
         <run_address>0x1ef1</run_address>
         <size>0x92</size>
         <input_file_ref idref="fl-39"/>
      </object_component>
      <object_component id="oc-131">
         <name>.debug_abbrev</name>
         <load_address>0x1f83</load_address>
         <run_address>0x1f83</run_address>
         <size>0xb2</size>
         <input_file_ref idref="fl-3a"/>
      </object_component>
      <object_component id="oc-137">
         <name>.debug_abbrev</name>
         <load_address>0x2035</load_address>
         <run_address>0x2035</run_address>
         <size>0xa9</size>
         <input_file_ref idref="fl-3b"/>
      </object_component>
      <object_component id="oc-13b">
         <name>.debug_abbrev</name>
         <load_address>0x20de</load_address>
         <run_address>0x20de</run_address>
         <size>0xed</size>
         <input_file_ref idref="fl-3c"/>
      </object_component>
      <object_component id="oc-1a6">
         <name>.debug_abbrev</name>
         <load_address>0x21cb</load_address>
         <run_address>0x21cb</run_address>
         <size>0xd</size>
      </object_component>
   </object_component_list>
   <logical_group_list>
      <logical_group id="lg-2" display="no" color="cyan">
         <name>codestart</name>
         <load_address>0x0</load_address>
         <run_address>0x0</run_address>
         <size>0x2</size>
         <contents>
            <object_component_ref idref="oc-f4"/>
         </contents>
      </logical_group>
      <logical_group id="lg-3" display="no" color="cyan">
         <name>ramfuncs</name>
         <load_address>0x8185</load_address>
         <run_address>0x8185</run_address>
         <size>0x4</size>
         <contents>
            <object_component_ref idref="oc-6c"/>
         </contents>
      </logical_group>
      <logical_group id="lg-4" display="no" color="cyan">
         <name>.text</name>
         <load_address>0x9000</load_address>
         <run_address>0x9000</run_address>
         <size>0x11e8</size>
         <contents>
            <object_component_ref idref="oc-e2"/>
            <object_component_ref idref="oc-141"/>
            <object_component_ref idref="oc-60"/>
            <object_component_ref idref="oc-152"/>
            <object_component_ref idref="oc-140"/>
            <object_component_ref idref="oc-14c"/>
            <object_component_ref idref="oc-14d"/>
            <object_component_ref idref="oc-144"/>
            <object_component_ref idref="oc-13f"/>
            <object_component_ref idref="oc-142"/>
            <object_component_ref idref="oc-143"/>
[...]
      </symbol>
      <symbol id="sm-269">
         <name>_InitTzGpio</name>
         <value>0x9b3a</value>
         <object_component_ref idref="oc-14d"/>
      </symbol>
      <symbol id="sm-26a">
         <name>_InitEPwm2Gpio</name>
         <value>0x9ae6</value>
         <object_component_ref idref="oc-14d"/>
      </symbol>
      <symbol id="sm-26b">
         <name>_InitEPwm1Gpio</name>
         <value>0x9aba</value>
         <object_component_ref idref="oc-14d"/>
      </symbol>
      <symbol id="sm-26c">
         <name>_InitEPwm6Gpio</name>
         <value>0x9b14</value>
         <object_component_ref idref="oc-14d"/>
      </symbol>
      <symbol id="sm-26d">
         <name>_InitEPwmGpio</name>
         <value>0x9aad</value>
         <object_component_ref idref="oc-14d"/>
      </symbol>
      <symbol id="sm-26e">
         <name>_InitEPwm5Gpio</name>
         <value>0x9b02</value>
         <object_component_ref idref="oc-14d"/>
      </symbol>
      <symbol id="sm-26f">
         <name>_InitEPwm4Gpio</name>
         <value>0x9aee</value>
         <object_component_ref idref="oc-14d"/>
      </symbol>
      <symbol id="sm-270">
         <name>_InitEPwmSyncGpio</name>
         <value>0x9b26</value>
         <object_component_ref idref="oc-14d"/>
      </symbol>
      <symbol id="sm-271">
         <name>_InitEPwm</name>
         <value>0x9aac</value>
         <object_component_ref idref="oc-14d"/>
      </symbol>
      <symbol id="sm-287">
         <name>_DSP28x_DisableInt</name>
         <value>0xa1de</value>
         <object_component_ref idref="oc-dd"/>
      </symbol>
      <symbol id="sm-288">
         <name>_DSP28x_RestoreInt</name>
         <value>0xa1e2</value>
         <object_component_ref idref="oc-dd"/>
      </symbol>
      <symbol id="sm-2df">
         <name>_ILLEGAL_ISR</name>
         <value>0x903c</value>
         <object_component_ref idref="oc-e2"/>
      </symbol>
      <symbol id="sm-2e0">
         <name>_EPWM6_INT_ISR</name>
         <value>0x9172</value>
         <object_component_ref idref="oc-e2"/>
      </symbol>
      <symbol id="sm-2e1">
         <name>_DATALOG_ISR</name>
         <value>0x9014</value>
         <object_component_ref idref="oc-e2"/>
      </symbol>
      <symbol id="sm-2e2">
         <name>_SPITXINTA_ISR</name>
         <value>0x91d6</value>
         <object_component_ref idref="oc-e2"/>
      </symbol>
      <symbol id="sm-2e3">
         <name>_SPIRXINTA_ISR</name>
         <value>0x91cc</value>
         <object_component_ref idref="oc-e2"/>
      </symbol>
      <symbol id="sm-2e4">
         <name>_DINTCH3_ISR</name>
         <value>0x921c</value>
         <object_component_ref idref="oc-e2"/>
      </symbol>
      <symbol id="sm-2e5">
         <name>_XINT4_ISR</name>
         <value>0x92c6</value>
         <object_component_ref idref="oc-e2"/>
      </symbol>
      <symbol id="sm-2e6">
         <name>_SEQ1INT_ISR</name>
         <value>0x90be</value>
         <object_component_ref idref="oc-e2"/>
      </symbol>
      <symbol id="sm-2e7">
         <name>_ECAP3_INT_ISR</name>
         <value>0x9190</value>
         <object_component_ref idref="oc-e2"/>
      </symbol>
      <symbol id="sm-2e8">
         <name>_INT13_ISR</name>
         <value>0x9000</value>
         <object_component_ref idref="oc-e2"/>
      </symbol>
      <symbol id="sm-2e9">
         <name>_MXINTA_ISR</name>
         <value>0x91fe</value>
         <object_component_ref idref="oc-e2"/>
      </symbol>
      <symbol id="sm-2ea">
         <name>_EPWM4_INT_ISR</name>
         <value>0x915e</value>
         <object_component_ref idref="oc-e2"/>
      </symbol>
      <symbol id="sm-2eb">
         <name>_USER5_ISR</name>
         <value>0x906e</value>
         <object_component_ref idref="oc-e2"/>
      </symbol>
      <symbol id="sm-2ec">
         <name>_XINT7_ISR</name>
         <value>0x92e4</value>
         <object_component_ref idref="oc-e2"/>
      </symbol>
      <symbol id="sm-2ed">
         <name>_EPWM5_TZINT_ISR</name>
         <value>0x912c</value>
         <object_component_ref idref="oc-e2"/>
      </symbol>
      <symbol id="sm-2ee">
         <name>_EPWM4_TZINT_ISR</name>
         <value>0x9122</value>
         <object_component_ref idref="oc-e2"/>
      </symbol>
      <symbol id="sm-2ef">
         <name>_ECAN0INTA_ISR</name>
         <value>0x9294</value>
         <object_component_ref idref="oc-e2"/>
      </symbol>
      <symbol id="sm-2f0">
         <name>_EPWM6_TZINT_ISR</name>
         <value>0x9136</value>
         <object_component_ref idref="oc-e2"/>
      </symbol>
      <symbol id="sm-2f1">
         <name>_EMUINT_ISR</name>
         <value>0x9028</value>
         <object_component_ref idref="oc-e2"/>
      </symbol>
      <symbol id="sm-2f2">
         <name>_ECAP1_INT_ISR</name>
         <value>0x917c</value>
         <object_component_ref idref="oc-e2"/>
      </symbol>
      <symbol id="sm-2f3">
         <name>_EPWM1_TZINT_ISR</name>
         <value>0x9104</value>
         <object_component_ref idref="oc-e2"/>
      </symbol>
      <symbol id="sm-2f4">
         <name>_EQEP2_INT_ISR</name>
         <value>0x91c2</value>
         <object_component_ref idref="oc-e2"/>
      </symbol>
      <symbol id="sm-2f5">
         <name>_USER11_ISR</name>
         <value>0x90aa</value>
         <object_component_ref idref="oc-e2"/>
      </symbol>
      <symbol id="sm-2f6">
         <name>_EPWM3_TZINT_ISR</name>
         <value>0x9118</value>
         <object_component_ref idref="oc-e2"/>
      </symbol>
      <symbol id="sm-2f7">
         <name>_USER4_ISR</name>
         <value>0x9064</value>
         <object_component_ref idref="oc-e2"/>
      </symbol>
      <symbol id="sm-2f8">
         <name>_EPWM2_TZINT_ISR</name>
         <value>0x910e</value>
         <object_component_ref idref="oc-e2"/>
      </symbol>
      <symbol id="sm-2f9">
         <name>_XINT6_ISR</name>
         <value>0x92da</value>
         <object_component_ref idref="oc-e2"/>
      </symbol>
      <symbol id="sm-2fa">
         <name>_EPWM2_INT_ISR</name>
         <value>0x914a</value>
         <object_component_ref idref="oc-e2"/>
      </symbol>
      <symbol id="sm-2fb">
         <name>_ECAN0INTB_ISR</name>
         <value>0x92a8</value>
         <object_component_ref idref="oc-e2"/>
      </symbol>
      <symbol id="sm-2fc">
         <name>_TINT0_ISR</name>
         <value>0x90f0</value>
         <object_component_ref idref="oc-e2"/>
      </symbol>
      <symbol id="sm-2fd">
         <name>_WAKEINT_ISR</name>
         <value>0x90fa</value>
         <object_component_ref idref="oc-e2"/>
      </symbol>
      <symbol id="sm-2fe">
         <name>_DINTCH4_ISR</name>
         <value>0x9226</value>
         <object_component_ref idref="oc-e2"/>
      </symbol>
      <symbol id="sm-2ff">
         <name>_USER10_ISR</name>
         <value>0x90a0</value>
         <object_component_ref idref="oc-e2"/>
      </symbol>
      <symbol id="sm-300">
         <name>_USER7_ISR</name>
         <value>0x9082</value>
         <object_component_ref idref="oc-e2"/>
      </symbol>
      <symbol id="sm-301">
         <name>_XINT1_ISR</name>
         <value>0x90d2</value>
         <object_component_ref idref="oc-e2"/>
      </symbol>
      <symbol id="sm-302">
         <name>_ECAP6_INT_ISR</name>
         <value>0x91ae</value>
         <object_component_ref idref="oc-e2"/>
      </symbol>
      <symbol id="sm-303">
         <name>_INT14_ISR</name>
         <value>0x900a</value>
         <object_component_ref idref="oc-e2"/>
      </symbol>
      <symbol id="sm-304">
         <name>_MXINTB_ISR</name>
         <value>0x91ea</value>
         <object_component_ref idref="oc-e2"/>
      </symbol>
      <symbol id="sm-305">
         <name>_DINTCH5_ISR</name>
         <value>0x9230</value>
         <object_component_ref idref="oc-e2"/>
      </symbol>
      <symbol id="sm-306">
         <name>_USER6_ISR</name>
         <value>0x9078</value>
         <object_component_ref idref="oc-e2"/>
      </symbol>
      <symbol id="sm-307">
         <name>_ECAP4_INT_ISR</name>
         <value>0x919a</value>
         <object_component_ref idref="oc-e2"/>
      </symbol>
      <symbol id="sm-308">
         <name>_MRINTA_ISR</name>
         <value>0x91f4</value>
         <object_component_ref idref="oc-e2"/>
      </symbol>
      <symbol id="sm-309">
         <name>_DINTCH6_ISR</name>
         <value>0x923a</value>
         <object_component_ref idref="oc-e2"/>
      </symbol>
      <symbol id="sm-30a">
         <name>_USER12_ISR</name>
         <value>0x90b4</value>
         <object_component_ref idref="oc-e2"/>
      </symbol>
      <symbol id="sm-30b">
         <name>_ADCINT_ISR</name>
         <value>0x90e6</value>
         <object_component_ref idref="oc-e2"/>
      </symbol>
      <symbol id="sm-30c">
         <name>_USER1_ISR</name>
         <value>0x9046</value>
         <object_component_ref idref="oc-e2"/>
      </symbol>
      <symbol id="sm-30d">
         <name>_XINT3_ISR</name>
         <value>0x92bc</value>
         <object_component_ref idref="oc-e2"/>
      </symbol>
      <symbol id="sm-30e">
         <name>_EPWM5_INT_ISR</name>
         <value>0x9168</value>
         <object_component_ref idref="oc-e2"/>
      </symbol>
      <symbol id="sm-30f">
         <name>_NMI_ISR</name>
         <value>0x9032</value>
         <object_component_ref idref="oc-e2"/>
      </symbol>
      <symbol id="sm-310">
         <name>_SCITXINTB_ISR</name>
         <value>0x928a</value>
         <object_component_ref idref="oc-e2"/>
      </symbol>
      <symbol id="sm-311">
         <name>_SCIRXINTB_ISR</name>
         <value>0x9280</value>
         <object_component_ref idref="oc-e2"/>
      </symbol>
      <symbol id="sm-312">
         <name>_ECAN1INTA_ISR</name>
         <value>0x929e</value>
         <object_component_ref idref="oc-e2"/>
      </symbol>
      <symbol id="sm-313">
         <name>_ECAP2_INT_ISR</name>
         <value>0x9186</value>
         <object_component_ref idref="oc-e2"/>
      </symbol>
      <symbol id="sm-314">
         <name>_PIE_RESERVED</name>
         <value>0x9302</value>
         <object_component_ref idref="oc-e2"/>
      </symbol>
      <symbol id="sm-315">
         <name>_I2CINT1A_ISR</name>
         <value>0x9244</value>
         <object_component_ref idref="oc-e2"/>
      </symbol>
      <symbol id="sm-316">
         <name>_XINT2_ISR</name>
         <value>0x90dc</value>
         <object_component_ref idref="oc-e2"/>
      </symbol>
      <symbol id="sm-317">
         <name>_I2CINT2A_ISR</name>
         <value>0x924e</value>
         <object_component_ref idref="oc-e2"/>
      </symbol>
      <symbol id="sm-318">
         <name>_SCITXINTC_ISR</name>
         <value>0x9262</value>
         <object_component_ref idref="oc-e2"/>
      </symbol>
      <symbol id="sm-319">
         <name>_SCIRXINTC_ISR</name>
         <value>0x9258</value>
         <object_component_ref idref="oc-e2"/>
      </symbol>
      <symbol id="sm-31a">
         <name>_RTOSINT_ISR</name>
         <value>0x901e</value>
         <object_component_ref idref="oc-e2"/>
      </symbol>
      <symbol id="sm-31b">
         <name>_EPWM3_INT_ISR</name>
         <value>0x9154</value>
         <object_component_ref idref="oc-e2"/>
      </symbol>
      <symbol id="sm-31c">
         <name>_ECAN1INTB_ISR</name>
         <value>0x92b2</value>
         <object_component_ref idref="oc-e2"/>
      </symbol>
      <symbol id="sm-31d">
         <name>_USER9_ISR</name>
         <value>0x9096</value>
         <object_component_ref idref="oc-e2"/>
      </symbol>
      <symbol id="sm-31e">
         <name>_USER3_ISR</name>
         <value>0x905a</value>
         <object_component_ref idref="oc-e2"/>
      </symbol>
      <symbol id="sm-31f">
         <name>_EQEP1_INT_ISR</name>
         <value>0x91b8</value>
         <object_component_ref idref="oc-e2"/>
      </symbol>
      <symbol id="sm-320">
         <name>_MRINTB_ISR</name>
         <value>0x91e0</value>
         <object_component_ref idref="oc-e2"/>
      </symbol>
      <symbol id="sm-321">
         <name>_DINTCH1_ISR</name>
         <value>0x9208</value>
         <object_component_ref idref="oc-e2"/>
      </symbol>
      <symbol id="sm-322">
         <name>_USER8_ISR</name>
         <value>0x908c</value>
         <object_component_ref idref="oc-e2"/>
      </symbol>
      <symbol id="sm-323">
         <name>_EPWM1_INT_ISR</name>
         <value>0x9140</value>
         <object_component_ref idref="oc-e2"/>
      </symbol>
      <symbol id="sm-324">
         <name>_SEQ2INT_ISR</name>
         <value>0x90c8</value>
         <object_component_ref idref="oc-e2"/>
      </symbol>
      <symbol id="sm-325">
         <name>_USER2_ISR</name>
         <value>0x9050</value>
         <object_component_ref idref="oc-e2"/>
      </symbol>
      <symbol id="sm-326">
         <name>_LUF_ISR</name>
         <value>0x92f8</value>
         <object_component_ref idref="oc-e2"/>
      </symbol>
      <symbol id="sm-327">
         <name>_LVF_ISR</name>
         <value>0x92ee</value>
         <object_component_ref idref="oc-e2"/>
      </symbol>
      <symbol id="sm-328">
         <name>_SCITXINTA_ISR</name>
         <value>0x9276</value>
         <object_component_ref idref="oc-e2"/>
      </symbol>
      <symbol id="sm-329">
         <name>_SCIRXINTA_ISR</name>
         <value>0x926c</value>
         <object_component_ref idref="oc-e2"/>
      </symbol>
      <symbol id="sm-32a">
         <name>_rsvd_ISR</name>
         <value>0x930c</value>
         <object_component_ref idref="oc-e2"/>
      </symbol>
      <symbol id="sm-32b">
         <name>_ECAP5_INT_ISR</name>
         <value>0x91a4</value>
         <object_component_ref idref="oc-e2"/>
      </symbol>
      <symbol id="sm-32c">
         <name>_DINTCH2_ISR</name>
         <value>0x9212</value>
         <object_component_ref idref="oc-e2"/>
      </symbol>
      <symbol id="sm-32d">
         <name>_XINT5_ISR</name>
         <value>0x92d0</value>
         <object_component_ref idref="oc-e2"/>
      </symbol>
      <symbol id="sm-33c">
         <name>_SetDBGIER</name>
         <value>0xa1e5</value>
         <object_component_ref idref="oc-ea"/>
      </symbol>
      <symbol id="sm-346">
         <name>_CpuTimer2</name>
         <value>0xd88c</value>
         <object_component_ref idref="oc-ef"/>
      </symbol>
      <symbol id="sm-347">
         <name>_CpuTimer0</name>
         <value>0xd894</value>
         <object_component_ref idref="oc-ef"/>
      </symbol>
      <symbol id="sm-348">
         <name>_CpuTimer1</name>
         <value>0xd884</value>
         <object_component_ref idref="oc-ef"/>
      </symbol>
      <symbol id="sm-353">
         <name>code_start</name>
         <value>0x0</value>
         <object_component_ref idref="oc-f4"/>
      </symbol>
      <symbol id="sm-362">
         <name>_InitAdc</name>
         <value>0xa1b9</value>
         <object_component_ref idref="oc-151"/>
      </symbol>
      <symbol id="sm-36a">
         <name>_ADC_cal</name>
         <value>0x380080</value>
         <object_component_ref idref="oc-fe"/>
      </symbol>
      <symbol id="sm-374">
         <name>_PARK_inv</name>
         <value>0x9d34</value>
         <object_component_ref idref="oc-142"/>
      </symbol>
      <symbol id="sm-375">
         <name>_PARK_calc</name>
         <value>0x9cf4</value>
         <object_component_ref idref="oc-142"/>
      </symbol>
      <symbol id="sm-376">
         <name>_CLARK_calc</name>
         <value>0x9cd6</value>
         <object_component_ref idref="oc-142"/>
      </symbol>
      <symbol id="sm-382">
         <name>_adc_isr</name>
         <value>0xa0ca</value>
         <object_component_ref idref="oc-107"/>
      </symbol>
      <symbol id="sm-383">
         <name>_ADC_Convert</name>
         <value>0x9c54</value>
         <object_component_ref idref="oc-13f"/>
      </symbol>
      <symbol id="sm-384">
         <name>_ADC_Init</name>
         <value>0x9c34</value>
         <object_component_ref idref="oc-13f"/>
      </symbol>
      <symbol id="sm-39b">
         <name>_atan2</name>
         <value>0x9b70</value>
         <object_component_ref idref="oc-144"/>
      </symbol>
      <symbol id="sm-3af">
         <name>_c_int00</name>
         <value>0xa084</value>
         <object_component_ref idref="oc-4a"/>
      </symbol>
      <symbol id="sm-3b0">
         <name>__stack</name>
         <value>0x400</value>
         <object_component_ref idref="oc-10f"/>
      </symbol>
      <symbol id="sm-3bc">
         <name>_cos</name>
         <value>0x9f2b</value>
         <object_component_ref idref="oc-147"/>
      </symbol>
      <symbol id="sm-3c6">
         <name>_errno</name>
         <value>0xd8a5</value>
         <object_component_ref idref="oc-11a"/>
      </symbol>
      <symbol id="sm-3d7">
         <name>C$$EXIT</name>
         <value>0xa18a</value>
         <object_component_ref idref="oc-13d"/>
      </symbol>
      <symbol id="sm-3d8">
         <name>_exit</name>
         <value>0xa18c</value>
         <object_component_ref idref="oc-13d"/>
      </symbol>
      <symbol id="sm-3d9">
         <name>___TI_cleanup_ptr</name>
         <value>0xd8a0</value>
         <object_component_ref idref="oc-11e"/>
      </symbol>
      <symbol id="sm-3da">
         <name>_abort</name>
         <value>0xa18a</value>
         <object_component_ref idref="oc-13d"/>
      </symbol>
      <symbol id="sm-3db">
         <name>___TI_dtors_ptr</name>
         <value>0xd8a2</value>
         <object_component_ref idref="oc-11e"/>
      </symbol>
      <symbol id="sm-3e8">
         <name>_frexp</name>
         <value>0xa1a3</value>
         <object_component_ref idref="oc-14a"/>
      </symbol>
      <symbol id="sm-3f5">
         <name>FS$$DIV</name>
         <value>0x9ea3</value>
         <object_component_ref idref="oc-126"/>
      </symbol>
      <symbol id="sm-400">
         <name>_sin</name>
         <value>0x9f8c</value>
         <object_component_ref idref="oc-148"/>
      </symbol>
      <symbol id="sm-40e">
         <name>_sqrt</name>
         <value>0xa12e</value>
         <object_component_ref idref="oc-149"/>
      </symbol>
      <symbol id="sm-41c">
         <name>__unlock</name>
         <value>0xd89c</value>
         <object_component_ref idref="oc-134"/>
      </symbol>
      <symbol id="sm-41d">
         <name>__lock</name>
         <value>0xd89e</value>
         <object_component_ref idref="oc-134"/>
      </symbol>
      <symbol id="sm-41e">
         <name>__register_lock</name>
         <value>0xa1d1</value>
         <object_component_ref idref="oc-145"/>
      </symbol>
      <symbol id="sm-41f">
         <name>__nop</name>
         <value>0xa1d5</value>
         <object_component_ref idref="oc-145"/>
      </symbol>
      <symbol id="sm-420">
         <name>__register_unlock</name>
         <value>0xa1cd</value>
         <object_component_ref idref="oc-145"/>
      </symbol>
      <symbol id="sm-42c">
         <name>__args_main</name>
         <value>0xa171</value>
         <object_component_ref idref="oc-13c"/>
      </symbol>
      <symbol id="sm-42d">
         <name>__TI_args_main</name>
         <value>0x1</value>
      </symbol>
   </symbol_table>
   <title>Link successful</title>
</link_info>
