******************************************************************************
             TMS320C2000 Linker PC v6.2.5                      
******************************************************************************
>> Linked Fri Jun 12 09:00:50 2015

OUTPUT FILE NAME:   <Testy.out>
ENTRY POINT SYMBOL: "_c_int00"  address: 0000a084


MEMORY CONFIGURATION

         name            origin    length      used     unused   attr    fill
----------------------  --------  ---------  --------  --------  ----  --------
PAGE 0:
  BEGIN                 00000000   00000002  00000002  00000000  RWIX
  RAMM0                 00000050   000003b0  00000000  000003b0  RWIX
  RAML0                 00008000   00001000  00000189  00000e77  RWIX
  RAML1                 00009000   00003000  000011e8  00001e18  RWIX
  ZONE7A                00200000   0000fc00  00000000  0000fc00  RWIX
  CSM_RSVD              0033ff80   00000076  00000000  00000076  RWIX
  CSM_PWL               0033fff8   00000008  00000000  00000008  RWIX
  ADC_CAL               00380080   00000009  00000007  00000002  RWIX
  IQTABLES              003fe000   00000b50  00000000  00000b50  RWIX
  IQTABLES2             003feb50   0000008c  00000000  0000008c  RWIX
  FPUTABLES             003febdc   000006a0  00000000  000006a0  RWIX
  BOOTROM               003ff27c   00000d44  00000000  00000d44  RWIX
  RESET                 003fffc0   00000002  00000000  00000002  RWIX

PAGE 1:
  BOOT_RSVD             00000002   0000004e  00000000  0000004e  RWIX
  RAMM1                 00000400   00000400  00000300  00000100  RWIX
  DEV_EMU               00000880   00000180  000000d0  000000b0  RWIX
  FLASH_REGS            00000a80   00000060  00000008  00000058  RWIX
  CSM                   00000ae0   00000010  00000010  00000000  RWIX
  ADC_MIRROR            00000b00   00000010  00000010  00000000  RWIX
  XINTF                 00000b20   00000020  0000001e  00000002  RWIX
  CPU_TIMER0            00000c00   00000008  00000008  00000000  RWIX
  CPU_TIMER1            00000c08   00000008  00000008  00000000  RWIX
  CPU_TIMER2            00000c10   00000008  00000008  00000000  RWIX
  PIE_CTRL              00000ce0   00000020  0000001a  00000006  RWIX
  PIE_VECT              00000d00   00000100  00000100  00000000  RWIX
  DMA                   00001000   00000200  000000e0  00000120  RWIX
  MCBSPA                00005000   00000040  00000025  0000001b  RWIX
  MCBSPB                00005040   00000040  00000025  0000001b  RWIX
  ECANA                 00006000   00000040  00000034  0000000c  RWIX
  ECANA_LAM             00006040   00000040  00000040  00000000  RWIX
  ECANA_MOTS            00006080   00000040  00000040  00000000  RWIX
  ECANA_MOTO            000060c0   00000040  00000040  00000000  RWIX
  ECANA_MBOX            00006100   00000100  00000100  00000000  RWIX
  ECANB                 00006200   00000040  00000034  0000000c  RWIX
  ECANB_LAM             00006240   00000040  00000040  00000000  RWIX
  ECANB_MOTS            00006280   00000040  00000040  00000000  RWIX
  ECANB_MOTO            000062c0   00000040  00000040  00000000  RWIX
  ECANB_MBOX            00006300   00000100  00000100  00000000  RWIX
  EPWM1                 00006800   00000022  00000022  00000000  RWIX
  EPWM2                 00006840   00000022  00000022  00000000  RWIX
  EPWM3                 00006880   00000022  00000022  00000000  RWIX
  EPWM4                 000068c0   00000022  00000022  00000000  RWIX
  EPWM5                 00006900   00000022  00000022  00000000  RWIX
  EPWM6                 00006940   00000022  00000022  00000000  RWIX
  ECAP1                 00006a00   00000020  00000020  00000000  RWIX
  ECAP2                 00006a20   00000020  00000020  00000000  RWIX
  ECAP3                 00006a40   00000020  00000020  00000000  RWIX
  ECAP4                 00006a60   00000020  00000020  00000000  RWIX
  ECAP5                 00006a80   00000020  00000020  00000000  RWIX
  ECAP6                 00006aa0   00000020  00000020  00000000  RWIX
  EQEP1                 00006b00   00000040  00000040  00000000  RWIX
  EQEP2                 00006b40   00000040  00000040  00000000  RWIX
  GPIOCTRL              00006f80   00000040  0000002e  00000012  RWIX
  GPIODAT               00006fc0   00000020  00000020  00000000  RWIX
  GPIOINT               00006fe0   00000020  0000000a  00000016  RWIX
  SYSTEM                00007010   00000020  00000020  00000000  RWIX
  SPIA                  00007040   00000010  00000010  00000000  RWIX
  SCIA                  00007050   00000010  00000010  00000000  RWIX
  XINTRUPT              00007070   00000010  00000010  00000000  RWIX
  ADC                   00007100   00000020  0000001e  00000002  RWIX
  SCIB                  00007750   00000010  00000010  00000000  RWIX
  SCIC                  00007770   00000010  00000010  00000000  RWIX
  I2CA                  00007900   00000040  00000022  0000001e  RWIX
  RAML4                 0000c000   00002000  00001976  0000068a  RWIX
  RAML5                 0000e000   00000500  00000134  000003cc  RWIX
  RAML6                 0000e500   00000500  00000000  00000500  RWIX
  RAML7                 0000f000   00001000  00000000  00001000  RWIX
  ZONE7B                0020fc00   00000400  00000000  00000400  RWIX
  CSM_PWL               0033fff8   00000008  00000008  00000000  RWIX
  PARTID                00380090   00000001  00000001  00000000  RWIX


SECTION ALLOCATION MAP

 output                                  attributes/
section   page    origin      length       input sections
--------  ----  ----------  ----------   ----------------
codestart 
*          0    00000000    00000002     
                  00000000    00000002     DSP2833x_CodeStartBranch.obj (codestart)

.pinit     0    00008000    00000000     UNINITIALIZED

.cinit     0    00008000    00000185     
                  00008000    000000b5     PWM_config.obj (.cinit)
                  000080b5    000000b2     main.obj (.cinit)
                  00008167    0000000a     rts2800_fpu32.lib : _lock.obj (.cinit)
                  00008171    0000000a                       : exit.obj (.cinit)
                  0000817b    00000004     eQEP_lib.obj (.cinit)
                  0000817f    00000004     rts2800_fpu32.lib : errno.obj (.cinit)
                  00008183    00000002     --HOLE-- [fill = 0]

ramfuncs   0    00008185    00000004     
                  00008185    00000004     DSP2833x_usDelay.obj (ramfuncs)

.text      0    00009000    000011e8     
                  00009000    00000316     DSP2833x_DefaultIsr.obj (.text:retain)
                  00009316    00000250     Modulator.obj (.text)
                  00009566    00000214     PWM_config.obj (.text:retain)
                  0000977a    0000012f     PWM_config.obj (.text)
                  000098a9    0000010c     eQEP_lib.obj (.text)
                  000099b5    000000f7     DSP2833x_SysCtrl.obj (.text)
                  00009aac    000000c4     DSP2833x_EPwm.obj (.text)
                  00009b70    000000c4     rts2800_fpu32.lib : atan2.obj (.text)
                  00009c34    000000a2     ADC_config.obj (.text)
                  00009cd6    000000a0     ClarkPark.obj (.text)
                  00009d76    0000009b     PID.obj (.text)
                  00009e11    00000092     main.obj (.text)
                  00009ea3    00000088     rts2800_fpu32.lib : fs_div.obj (.text)
                  00009f2b    00000061                       : cos.obj (.text)
                  00009f8c    00000058                       : sin.obj (.text)
                  00009fe4    00000056     DSP2833x_EQep.obj (.text)
                  0000a03a    0000004a     rampa.obj (.text)
                  0000a084    00000046     rts2800_fpu32.lib : boot.obj (.text)
                  0000a0ca    0000003c     ADC_config.obj (.text:retain)
                  0000a106    00000028     DSP2833x_PieCtrl.obj (.text)
                  0000a12e    00000023     rts2800_fpu32.lib : sqrt.obj (.text)
                  0000a151    00000020     DSP2833x_PieVect.obj (.text)
                  0000a171    00000019     rts2800_fpu32.lib : args_main.obj (.text)
                  0000a18a    00000019                       : exit.obj (.text)
                  0000a1a3    00000016                       : frexp.obj (.text)
                  0000a1b9    00000014     DSP2833x_Adc.obj (.text)
                  0000a1cd    00000009     rts2800_fpu32.lib : _lock.obj (.text)
                  0000a1d6    00000008     DSP2833x_CodeStartBranch.obj (.text)
                  0000a1de    00000007     DSP2833x_DisInt.obj (.text)
                  0000a1e5    00000003     DSP2833x_DBGIER.obj (.text)

csm_rsvd   0    0033ff80    00000076     DSECT
                  0033ff80    00000076     DSP2833x_CSMPasswords.obj (csm_rsvd)

csmpasswds 
*          0    0033fff8    00000008     DSECT
                  0033fff8    00000008     DSP2833x_CSMPasswords.obj (csmpasswds)

.adc_cal   0    00380080    00000007     NOLOAD SECTION
                  00380080    00000007     DSP2833x_ADC_cal.obj (.adc_cal)

.reset     0    003fffc0    00000002     DSECT
                  003fffc0    00000002     rts2800_fpu32.lib : boot.obj (.reset)

.stack     1    00000400    00000300     UNINITIALIZED
                  00000400    00000300     --HOLE--

DevEmuRegsFile 
*          1    00000880    000000d0     UNINITIALIZED
                  00000880    000000d0     DSP2833x_GlobalVariableDefs.obj (DevEmuRegsFile)

FlashRegsFile 
*          1    00000a80    00000008     UNINITIALIZED
                  00000a80    00000008     DSP2833x_GlobalVariableDefs.obj (FlashRegsFile)

CsmRegsFile 
*          1    00000ae0    00000010     UNINITIALIZED
                  00000ae0    00000010     DSP2833x_GlobalVariableDefs.obj (CsmRegsFile)

AdcMirrorFile 
*          1    00000b00    00000010     UNINITIALIZED
                  00000b00    00000010     DSP2833x_GlobalVariableDefs.obj (AdcMirrorFile)

XintfRegsFile 
*          1    00000b20    0000001e     UNINITIALIZED
                  00000b20    0000001e     DSP2833x_GlobalVariableDefs.obj (XintfRegsFile)

CpuTimer0RegsFile 
*          1    00000c00    00000008     UNINITIALIZED
                  00000c00    00000008     DSP2833x_GlobalVariableDefs.obj (CpuTimer0RegsFile)

CpuTimer1RegsFile 
*          1    00000c08    00000008     UNINITIALIZED
                  00000c08    00000008     DSP2833x_GlobalVariableDefs.obj (CpuTimer1RegsFile)

CpuTimer2RegsFile 
*          1    00000c10    00000008     UNINITIALIZED
                  00000c10    00000008     DSP2833x_GlobalVariableDefs.obj (CpuTimer2RegsFile)

PieCtrlRegsFile 
*          1    00000ce0    0000001a     UNINITIALIZED
                  00000ce0    0000001a     DSP2833x_GlobalVariableDefs.obj (PieCtrlRegsFile)

PieVectTableFile 
*          1    00000d00    00000100     UNINITIALIZED
                  00000d00    00000100     DSP2833x_GlobalVariableDefs.obj (PieVectTableFile)

DmaRegsFile 
*          1    00001000    000000e0     UNINITIALIZED
                  00001000    000000e0     DSP2833x_GlobalVariableDefs.obj (DmaRegsFile)

McbspaRegsFile 
*          1    00005000    00000025     UNINITIALIZED
                  00005000    00000025     DSP2833x_GlobalVariableDefs.obj (McbspaRegsFile)

McbspbRegsFile 
*          1    00005040    00000025     UNINITIALIZED
                  00005040    00000025     DSP2833x_GlobalVariableDefs.obj (McbspbRegsFile)

ECanaRegsFile 
*          1    00006000    00000034     UNINITIALIZED
                  00006000    00000034     DSP2833x_GlobalVariableDefs.obj (ECanaRegsFile)

ECanaLAMRegsFile 
*          1    00006040    00000040     UNINITIALIZED
                  00006040    00000040     DSP2833x_GlobalVariableDefs.obj (ECanaLAMRegsFile)

ECanaMOTSRegsFile 
*          1    00006080    00000040     UNINITIALIZED
                  00006080    00000040     DSP2833x_GlobalVariableDefs.obj (ECanaMOTSRegsFile)

ECanaMOTORegsFile 
*          1    000060c0    00000040     UNINITIALIZED
                  000060c0    00000040     DSP2833x_GlobalVariableDefs.obj (ECanaMOTORegsFile)

ECanaMboxesFile 
*          1    00006100    00000100     UNINITIALIZED
                  00006100    00000100     DSP2833x_GlobalVariableDefs.obj (ECanaMboxesFile)

ECanbRegsFile 
*          1    00006200    00000034     UNINITIALIZED
                  00006200    00000034     DSP2833x_GlobalVariableDefs.obj (ECanbRegsFile)

ECanbLAMRegsFile 
*          1    00006240    00000040     UNINITIALIZED
                  00006240    00000040     DSP2833x_GlobalVariableDefs.obj (ECanbLAMRegsFile)

ECanbMOTSRegsFile 
*          1    00006280    00000040     UNINITIALIZED
                  00006280    00000040     DSP2833x_GlobalVariableDefs.obj (ECanbMOTSRegsFile)

ECanbMOTORegsFile 
*          1    000062c0    00000040     UNINITIALIZED
                  000062c0    00000040     DSP2833x_GlobalVariableDefs.obj (ECanbMOTORegsFile)

ECanbMboxesFile 
*          1    00006300    00000100     UNINITIALIZED
                  00006300    00000100     DSP2833x_GlobalVariableDefs.obj (ECanbMboxesFile)

EPwm1RegsFile 
*          1    00006800    00000022     UNINITIALIZED
                  00006800    00000022     DSP2833x_GlobalVariableDefs.obj (EPwm1RegsFile)

EPwm2RegsFile 
*          1    00006840    00000022     UNINITIALIZED
                  00006840    00000022     DSP2833x_GlobalVariableDefs.obj (EPwm2RegsFile)

EPwm3RegsFile 
*          1    00006880    00000022     UNINITIALIZED
                  00006880    00000022     DSP2833x_GlobalVariableDefs.obj (EPwm3RegsFile)

EPwm4RegsFile 
*          1    000068c0    00000022     UNINITIALIZED
                  000068c0    00000022     DSP2833x_GlobalVariableDefs.obj (EPwm4RegsFile)

EPwm5RegsFile 
*          1    00006900    00000022     UNINITIALIZED
                  00006900    00000022     DSP2833x_GlobalVariableDefs.obj (EPwm5RegsFile)

EPwm6RegsFile 
*          1    00006940    00000022     UNINITIALIZED
                  00006940    00000022     DSP2833x_GlobalVariableDefs.obj (EPwm6RegsFile)

ECap1RegsFile 
*          1    00006a00    00000020     UNINITIALIZED
                  00006a00    00000020     DSP2833x_GlobalVariableDefs.obj (ECap1RegsFile)

ECap2RegsFile 
*          1    00006a20    00000020     UNINITIALIZED
                  00006a20    00000020     DSP2833x_GlobalVariableDefs.obj (ECap2RegsFile)

ECap3RegsFile 
*          1    00006a40    00000020     UNINITIALIZED
                  00006a40    00000020     DSP2833x_GlobalVariableDefs.obj (ECap3RegsFile)

ECap4RegsFile 
*          1    00006a60    00000020     UNINITIALIZED
                  00006a60    00000020     DSP2833x_GlobalVariableDefs.obj (ECap4RegsFile)

ECap5RegsFile 
*          1    00006a80    00000020     UNINITIALIZED
                  00006a80    00000020     DSP2833x_GlobalVariableDefs.obj (ECap5RegsFile)

ECap6RegsFile 
*          1    00006aa0    00000020     UNINITIALIZED
                  00006aa0    00000020     DSP2833x_GlobalVariableDefs.obj (ECap6RegsFile)

EQep1RegsFile 
*          1    00006b00    00000040     UNINITIALIZED
                  00006b00    00000040     DSP2833x_GlobalVariableDefs.obj (EQep1RegsFile)

EQep2RegsFile 
*          1    00006b40    00000040     UNINITIALIZED
                  00006b40    00000040     DSP2833x_GlobalVariableDefs.obj (EQep2RegsFile)

GpioCtrlRegsFile 
*          1    00006f80    0000002e     UNINITIALIZED
                  00006f80    0000002e     DSP2833x_GlobalVariableDefs.obj (GpioCtrlRegsFile)

GpioDataRegsFile 
*          1    00006fc0    00000020     UNINITIALIZED
                  00006fc0    00000020     DSP2833x_GlobalVariableDefs.obj (GpioDataRegsFile)

GpioIntRegsFile 
*          1    00006fe0    0000000a     UNINITIALIZED
                  00006fe0    0000000a     DSP2833x_GlobalVariableDefs.obj (GpioIntRegsFile)

SysCtrlRegsFile 
*          1    00007010    00000020     UNINITIALIZED
                  00007010    00000020     DSP2833x_GlobalVariableDefs.obj (SysCtrlRegsFile)

SpiaRegsFile 
*          1    00007040    00000010     UNINITIALIZED
                  00007040    00000010     DSP2833x_GlobalVariableDefs.obj (SpiaRegsFile)

SciaRegsFile 
*          1    00007050    00000010     UNINITIALIZED
                  00007050    00000010     DSP2833x_GlobalVariableDefs.obj (SciaRegsFile)

XIntruptRegsFile 
*          1    00007070    00000010     UNINITIALIZED
                  00007070    00000010     DSP2833x_GlobalVariableDefs.obj (XIntruptRegsFile)

AdcRegsFile 
*          1    00007100    0000001e     UNINITIALIZED
                  00007100    0000001e     DSP2833x_GlobalVariableDefs.obj (AdcRegsFile)

ScibRegsFile 
*          1    00007750    00000010     UNINITIALIZED
                  00007750    00000010     DSP2833x_GlobalVariableDefs.obj (ScibRegsFile)

ScicRegsFile 
*          1    00007770    00000010     UNINITIALIZED
                  00007770    00000010     DSP2833x_GlobalVariableDefs.obj (ScicRegsFile)

I2caRegsFile 
*          1    00007900    00000022     UNINITIALIZED
                  00007900    00000022     DSP2833x_GlobalVariableDefs.obj (I2caRegsFile)

.ebss      1    0000c000    00001976     UNINITIALIZED
                  0000c000    00001884     main.obj (.ebss)
                  0000d884    00000018     DSP2833x_CpuTimers.obj (.ebss)
                  0000d89c    00000004     rts2800_fpu32.lib : _lock.obj (.ebss)
                  0000d8a0    00000004                       : exit.obj (.ebss)
                  0000d8a4    00000001     eQEP_lib.obj (.ebss)
                  0000d8a5    00000001     rts2800_fpu32.lib : errno.obj (.ebss)
                  0000d8a6    0000001a     --HOLE--
                  0000d8c0    000000b6     PWM_config.obj (.ebss)

.econst    1    0000e000    00000134     
                  0000e000    00000100     DSP2833x_PieVect.obj (.econst)
                  0000e100    0000001a     main.obj (.econst)
                  0000e11a    00000012     rampa.obj (.econst)
                  0000e12c    00000008     rts2800_fpu32.lib : atan2.obj (.econst:_a$1)

CsmPwlFile 
*          1    0033fff8    00000008     UNINITIALIZED
                  0033fff8    00000008     DSP2833x_GlobalVariableDefs.obj (CsmPwlFile)

PartIdRegsFile 
*          1    00380090    00000001     UNINITIALIZED
                  00380090    00000001     DSP2833x_GlobalVariableDefs.obj (PartIdRegsFile)


GLOBAL DATA SYMBOLS: SORTED BY DATA PAGE

address     data page           name
--------    ----------------    ----
00000400      10 (00000400)     __stack

00000880      22 (00000880)     _DevEmuRegs

00000a80      2a (00000a80)     _FlashRegs

00000ae0      2b (00000ac0)     _CsmRegs

00000b00      2c (00000b00)     _AdcMirror
00000b20      2c (00000b00)     _XintfRegs

00000c00      30 (00000c00)     _CpuTimer0Regs
00000c08      30 (00000c00)     _CpuTimer1Regs
00000c10      30 (00000c00)     _CpuTimer2Regs

00000ce0      33 (00000cc0)     _PieCtrlRegs

00000d00      34 (00000d00)     _PieVectTable

00001000      40 (00001000)     _DmaRegs

00005000     140 (00005000)     _McbspaRegs

00005040     141 (00005040)     _McbspbRegs

00006000     180 (00006000)     _ECanaRegs

00006040     181 (00006040)     _ECanaLAMRegs

00006080     182 (00006080)     _ECanaMOTSRegs

000060c0     183 (000060c0)     _ECanaMOTORegs

00006100     184 (00006100)     _ECanaMboxes

00006200     188 (00006200)     _ECanbRegs

00006240     189 (00006240)     _ECanbLAMRegs

00006280     18a (00006280)     _ECanbMOTSRegs

000062c0     18b (000062c0)     _ECanbMOTORegs

00006300     18c (00006300)     _ECanbMboxes

00006800     1a0 (00006800)     _EPwm1Regs

00006840     1a1 (00006840)     _EPwm2Regs

00006880     1a2 (00006880)     _EPwm3Regs

000068c0     1a3 (000068c0)     _EPwm4Regs

00006900     1a4 (00006900)     _EPwm5Regs

00006940     1a5 (00006940)     _EPwm6Regs

00006a00     1a8 (00006a00)     _ECap1Regs
00006a20     1a8 (00006a00)     _ECap2Regs

00006a40     1a9 (00006a40)     _ECap3Regs
00006a60     1a9 (00006a40)     _ECap4Regs

00006a80     1aa (00006a80)     _ECap5Regs
00006aa0     1aa (00006a80)     _ECap6Regs

00006b00     1ac (00006b00)     _EQep1Regs

00006b40     1ad (00006b40)     _EQep2Regs

00006f80     1be (00006f80)     _GpioCtrlRegs

00006fc0     1bf (00006fc0)     _GpioDataRegs
00006fe0     1bf (00006fc0)     _GpioIntRegs

00007010     1c0 (00007000)     _SysCtrlRegs

00007040     1c1 (00007040)     _SpiaRegs
00007050     1c1 (00007040)     _SciaRegs
00007070     1c1 (00007040)     _XIntruptRegs

00007100     1c4 (00007100)     _AdcRegs

00007750     1dd (00007740)     _ScibRegs
00007770     1dd (00007740)     _ScicRegs

00007900     1e4 (00007900)     _I2caRegs

0000c000     300 (0000c000)     _AdcInfoObj
0000c00e     300 (0000c000)     _ramp_d
0000c020     300 (0000c000)     _ramp_q

0000c040     301 (0000c040)     _EncoderObj

0000c080     302 (0000c080)     _SpvmObj

0000c100     304 (0000c100)     _ControlerObj

0000d884     362 (0000d880)     _CpuTimer1
0000d88c     362 (0000d880)     _CpuTimer2
0000d894     362 (0000d880)     _CpuTimer0
0000d89c     362 (0000d880)     __unlock
0000d89e     362 (0000d880)     __lock
0000d8a0     362 (0000d880)     ___TI_cleanup_ptr
0000d8a2     362 (0000d880)     ___TI_dtors_ptr
0000d8a4     362 (0000d880)     _count
0000d8a5     362 (0000d880)     _errno

0000d8c0     363 (0000d8c0)     _blk
0000d8c1     363 (0000d8c0)     _key_lock
0000d8c2     363 (0000d8c0)     _Iq
0000d8c4     363 (0000d8c0)     _Id
0000d8c6     363 (0000d8c0)     __zadUq
0000d8c8     363 (0000d8c0)     __zadUd
0000d8ca     363 (0000d8c0)     __zadIq
0000d8cc     363 (0000d8c0)     __zadId
0000d8ce     363 (0000d8c0)     _Iq_zad
0000d8d0     363 (0000d8c0)     _Uq_zad
0000d8d2     363 (0000d8c0)     _Ud_zad
0000d8d4     363 (0000d8c0)     _count2
0000d8d6     363 (0000d8c0)     __zadOmega
0000d8d8     363 (0000d8c0)     _nb_p
0000d8da     363 (0000d8c0)     _Id_zad
0000d8dc     363 (0000d8c0)     _Udc
0000d8de     363 (0000d8c0)     _temp
0000d8e0     363 (0000d8c0)     _epwm2_info
0000d8ea     363 (0000d8c0)     _epwm1_info
0000d8f4     363 (0000d8c0)     _Iabc_Clark

0000d900     364 (0000d900)     _epwm3_info
0000d90a     364 (0000d900)     _vLim
0000d916     364 (0000d900)     _tabTime
0000d922     364 (0000d900)     _Iab_dq
0000d930     364 (0000d900)     _IalphaBeta

0000d940     365 (0000d940)     _Uab_dq_inv
0000d94e     365 (0000d940)     _Pid_q
0000d962     365 (0000d940)     _Pid_d

0000e000     380 (0000e000)     _PieVectTableInit

0033fff8    cfff (0033ffc0)     _CsmPwl

00380090    e002 (00380080)     _PartIdRegs


GLOBAL SYMBOLS: SORTED ALPHABETICALLY BY Name 

address    name
--------   ----
00009000   .text
0000a18a   C$$EXIT
00009ea3   FS$$DIV
000090e6   _ADCINT_ISR
00009c54   _ADC_Convert
00009c34   _ADC_Init
00380080   _ADC_cal
0000c000   _AdcInfoObj
00000b00   _AdcMirror
00007100   _AdcRegs
00009cd6   _CLARK_calc
0000c100   _ControlerObj
0000d894   _CpuTimer0
00000c00   _CpuTimer0Regs
0000d884   _CpuTimer1
00000c08   _CpuTimer1Regs
0000d88c   _CpuTimer2
00000c10   _CpuTimer2Regs
0033fff8   _CsmPwl
00000ae0   _CsmRegs
00009a7b   _CsmUnlock
00009014   _DATALOG_ISR
00009208   _DINTCH1_ISR
00009212   _DINTCH2_ISR
0000921c   _DINTCH3_ISR
00009226   _DINTCH4_ISR
00009230   _DINTCH5_ISR
0000923a   _DINTCH6_ISR
0000a1de   _DSP28x_DisableInt
0000a1e2   _DSP28x_RestoreInt
00008185   _DSP28x_usDelay
00000880   _DevEmuRegs
000099c8   _DisableDog
00001000   _DmaRegs
00009294   _ECAN0INTA_ISR
000092a8   _ECAN0INTB_ISR
0000929e   _ECAN1INTA_ISR
000092b2   _ECAN1INTB_ISR
0000917c   _ECAP1_INT_ISR
00009186   _ECAP2_INT_ISR
00009190   _ECAP3_INT_ISR
0000919a   _ECAP4_INT_ISR
000091a4   _ECAP5_INT_ISR
000091ae   _ECAP6_INT_ISR
00006040   _ECanaLAMRegs
000060c0   _ECanaMOTORegs
00006080   _ECanaMOTSRegs
00006100   _ECanaMboxes
00006000   _ECanaRegs
00006240   _ECanbLAMRegs
000062c0   _ECanbMOTORegs
00006280   _ECanbMOTSRegs
00006300   _ECanbMboxes
00006200   _ECanbRegs
00006a00   _ECap1Regs
00006a20   _ECap2Regs
00006a40   _ECap3Regs
00006a60   _ECap4Regs
00006a80   _ECap5Regs
00006aa0   _ECap6Regs
00009028   _EMUINT_ISR
00009140   _EPWM1_INT_ISR
00009104   _EPWM1_TZINT_ISR
0000914a   _EPWM2_INT_ISR
0000910e   _EPWM2_TZINT_ISR
00009154   _EPWM3_INT_ISR
00009118   _EPWM3_TZINT_ISR
0000915e   _EPWM4_INT_ISR
00009122   _EPWM4_TZINT_ISR
00009168   _EPWM5_INT_ISR
0000912c   _EPWM5_TZINT_ISR
00009172   _EPWM6_INT_ISR
00009136   _EPWM6_TZINT_ISR
00006800   _EPwm1Regs
00006840   _EPwm2Regs
00006880   _EPwm3Regs
000068c0   _EPwm4Regs
00006900   _EPwm5Regs
00006940   _EPwm6Regs
000091b8   _EQEP1_INT_ISR
000091c2   _EQEP2_INT_ISR
00006b00   _EQep1Regs
00006b40   _EQep2Regs
000098a9   _E_QEP_Init
000098c9   _E_QEP_calc
0000a125   _EnableInterrupts
0000c040   _EncoderObj
00000a80   _FlashRegs
00006f80   _GpioCtrlRegs
00006fc0   _GpioDataRegs
00006fe0   _GpioIntRegs
00009244   _I2CINT1A_ISR
0000924e   _I2CINT2A_ISR
00007900   _I2caRegs
0000903c   _ILLEGAL_ISR
00009000   _INT13_ISR
0000900a   _INT14_ISR
0000d922   _Iab_dq
0000d8f4   _Iabc_Clark
0000d930   _IalphaBeta
0000d8c4   _Id
0000d8da   _Id_zad
0000a1b9   _InitAdc
00009aac   _InitEPwm
00009aba   _InitEPwm1Gpio
00009ae6   _InitEPwm2Gpio
00009aea   _InitEPwm3Gpio
00009aee   _InitEPwm4Gpio
00009b02   _InitEPwm5Gpio
00009b14   _InitEPwm6Gpio
00009aad   _InitEPwmGpio
00009b26   _InitEPwmSyncGpio
00009fe4   _InitEQep
00009fea   _InitEQep1Gpio
0000a014   _InitEQep2Gpio
00009fe5   _InitEQepGpio
00009790   _InitPWM
00009a20   _InitPeripheralClocks
0000a106   _InitPieCtrl
0000a151   _InitPieVectTable
000099d0   _InitPll
000099b5   _InitSysCtrl
00009b3a   _InitTzGpio
0000d8c2   _Iq
0000d8ce   _Iq_zad
000092f8   _LUF_ISR
000092ee   _LVF_ISR
000091f4   _MRINTA_ISR
000091e0   _MRINTB_ISR
000091fe   _MXINTA_ISR
000091ea   _MXINTB_ISR
00005000   _McbspaRegs
00005040   _McbspbRegs
00009032   _NMI_ISR
00009cf4   _PARK_calc
00009d34   _PARK_inv
00009dc5   _PID_calc
00009302   _PIE_RESERVED
00380090   _PartIdRegs
0000d962   _Pid_d
0000d94e   _Pid_q
00000ce0   _PieCtrlRegs
00000d00   _PieVectTable
0000e000   _PieVectTableInit
0000a03a   _RAMP_Init
0000a047   _RAMP_Update
0000901e   _RTOSINT_ISR
0000926c   _SCIRXINTA_ISR
00009280   _SCIRXINTB_ISR
00009258   _SCIRXINTC_ISR
00009276   _SCITXINTA_ISR
0000928a   _SCITXINTB_ISR
00009262   _SCITXINTC_ISR
000090be   _SEQ1INT_ISR
000090c8   _SEQ2INT_ISR
000091cc   _SPIRXINTA_ISR
000091d6   _SPITXINTA_ISR
00009394   _SPVM_Calc
00009346   _SPVM_Init
0000934f   _SPVM_Saw
000094b5   _SPVM_Sector
00007050   _SciaRegs
00007750   _ScibRegs
00007770   _ScicRegs
000099be   _ServiceDog
0000a1e5   _SetDBGIER
00007040   _SpiaRegs
0000c080   _SpvmObj
00007010   _SysCtrlRegs
000090f0   _TINT0_ISR
000090a0   _USER10_ISR
000090aa   _USER11_ISR
000090b4   _USER12_ISR
00009046   _USER1_ISR
00009050   _USER2_ISR
0000905a   _USER3_ISR
00009064   _USER4_ISR
0000906e   _USER5_ISR
00009078   _USER6_ISR
00009082   _USER7_ISR
0000908c   _USER8_ISR
00009096   _USER9_ISR
0000d940   _Uab_dq_inv
0000d8d2   _Ud_zad
0000d8dc   _Udc
0000d8d0   _Uq_zad
00009328   _VECTOR_calc
00009316   _VECTOR_init
000090fa   _WAKEINT_ISR
000090d2   _XINT1_ISR
000090dc   _XINT2_ISR
000092bc   _XINT3_ISR
000092c6   _XINT4_ISR
000092d0   _XINT5_ISR
000092da   _XINT6_ISR
000092e4   _XINT7_ISR
00007070   _XIntruptRegs
00000b20   _XintfRegs
00000700   __STACK_END
00000300   __STACK_SIZE
00000001   __TI_args_main
0000d8a0   ___TI_cleanup_ptr
0000d8a2   ___TI_dtors_ptr
ffffffff   ___binit__
ffffffff   ___c_args__
00008000   ___cinit__
0000a1e8   ___etext__
ffffffff   ___pinit__
00009000   ___text__
0000a171   __args_main
0000d89e   __lock
0000a1d5   __nop
0000a1d1   __register_lock
0000a1cd   __register_unlock
00000400   __stack
0000d89c   __unlock
0000d8cc   __zadId
0000d8ca   __zadIq
0000d8d6   __zadOmega
0000d8c8   __zadUd
0000d8c6   __zadUq
0000a18a   _abort
0000a0ca   _adc_isr
00009b70   _atan2
0000d8c0   _blk
0000a084   _c_int00
00009f2b   _cos
0000d8a4   _count
0000d8d4   _count2
0000d8ea   _epwm1_info
00009566   _epwm1_isr
0000d8e0   _epwm2_info
0000d900   _epwm3_info
0000d8a5   _errno
0000a18c   _exit
0000a1a3   _frexp
0000977a   _initGPIO
0000d8c1   _key_lock
00009e11   _main
0000d8d8   _nb_p
0000c00e   _ramp_d
0000c020   _ramp_q
0000930c   _rsvd_ISR
00009f8c   _sin
0000a12e   _sqrt
0000d916   _tabTime
0000d8de   _temp
0000d90a   _vLim
00009d76   _vLimieter_calc
ffffffff   binit
00008000   cinit
00000000   code_start
0000a1e8   etext
ffffffff   pinit


GLOBAL SYMBOLS: SORTED BY Symbol Address 

address    name
--------   ----
00000000   code_start
00000001   __TI_args_main
00000300   __STACK_SIZE
00000400   __stack
00000700   __STACK_END
00000880   _DevEmuRegs
00000a80   _FlashRegs
00000ae0   _CsmRegs
00000b00   _AdcMirror
00000b20   _XintfRegs
00000c00   _CpuTimer0Regs
00000c08   _CpuTimer1Regs
00000c10   _CpuTimer2Regs
00000ce0   _PieCtrlRegs
00000d00   _PieVectTable
00001000   _DmaRegs
00005000   _McbspaRegs
00005040   _McbspbRegs
00006000   _ECanaRegs
00006040   _ECanaLAMRegs
00006080   _ECanaMOTSRegs
000060c0   _ECanaMOTORegs
00006100   _ECanaMboxes
00006200   _ECanbRegs
00006240   _ECanbLAMRegs
00006280   _ECanbMOTSRegs
000062c0   _ECanbMOTORegs
00006300   _ECanbMboxes
00006800   _EPwm1Regs
00006840   _EPwm2Regs
00006880   _EPwm3Regs
000068c0   _EPwm4Regs
00006900   _EPwm5Regs
00006940   _EPwm6Regs
00006a00   _ECap1Regs
00006a20   _ECap2Regs
00006a40   _ECap3Regs
00006a60   _ECap4Regs
00006a80   _ECap5Regs
00006aa0   _ECap6Regs
00006b00   _EQep1Regs
00006b40   _EQep2Regs
00006f80   _GpioCtrlRegs
00006fc0   _GpioDataRegs
00006fe0   _GpioIntRegs
00007010   _SysCtrlRegs
00007040   _SpiaRegs
00007050   _SciaRegs
00007070   _XIntruptRegs
00007100   _AdcRegs
00007750   _ScibRegs
00007770   _ScicRegs
00007900   _I2caRegs
00008000   ___cinit__
00008000   cinit
00008185   _DSP28x_usDelay
00009000   .text
00009000   _INT13_ISR
00009000   ___text__
0000900a   _INT14_ISR
00009014   _DATALOG_ISR
0000901e   _RTOSINT_ISR
00009028   _EMUINT_ISR
00009032   _NMI_ISR
0000903c   _ILLEGAL_ISR
00009046   _USER1_ISR
00009050   _USER2_ISR
0000905a   _USER3_ISR
00009064   _USER4_ISR
0000906e   _USER5_ISR
00009078   _USER6_ISR
00009082   _USER7_ISR
0000908c   _USER8_ISR
00009096   _USER9_ISR
000090a0   _USER10_ISR
000090aa   _USER11_ISR
000090b4   _USER12_ISR
000090be   _SEQ1INT_ISR
000090c8   _SEQ2INT_ISR
000090d2   _XINT1_ISR
000090dc   _XINT2_ISR
000090e6   _ADCINT_ISR
000090f0   _TINT0_ISR
000090fa   _WAKEINT_ISR
00009104   _EPWM1_TZINT_ISR
0000910e   _EPWM2_TZINT_ISR
00009118   _EPWM3_TZINT_ISR
00009122   _EPWM4_TZINT_ISR
0000912c   _EPWM5_TZINT_ISR
00009136   _EPWM6_TZINT_ISR
00009140   _EPWM1_INT_ISR
0000914a   _EPWM2_INT_ISR
00009154   _EPWM3_INT_ISR
0000915e   _EPWM4_INT_ISR
00009168   _EPWM5_INT_ISR
00009172   _EPWM6_INT_ISR
0000917c   _ECAP1_INT_ISR
00009186   _ECAP2_INT_ISR
00009190   _ECAP3_INT_ISR
0000919a   _ECAP4_INT_ISR
000091a4   _ECAP5_INT_ISR
000091ae   _ECAP6_INT_ISR
000091b8   _EQEP1_INT_ISR
000091c2   _EQEP2_INT_ISR
000091cc   _SPIRXINTA_ISR
000091d6   _SPITXINTA_ISR
000091e0   _MRINTB_ISR
000091ea   _MXINTB_ISR
000091f4   _MRINTA_ISR
000091fe   _MXINTA_ISR
00009208   _DINTCH1_ISR
00009212   _DINTCH2_ISR
0000921c   _DINTCH3_ISR
00009226   _DINTCH4_ISR
00009230   _DINTCH5_ISR
0000923a   _DINTCH6_ISR
00009244   _I2CINT1A_ISR
0000924e   _I2CINT2A_ISR
00009258   _SCIRXINTC_ISR
00009262   _SCITXINTC_ISR
0000926c   _SCIRXINTA_ISR
00009276   _SCITXINTA_ISR
00009280   _SCIRXINTB_ISR
0000928a   _SCITXINTB_ISR
00009294   _ECAN0INTA_ISR
0000929e   _ECAN1INTA_ISR
000092a8   _ECAN0INTB_ISR
000092b2   _ECAN1INTB_ISR
000092bc   _XINT3_ISR
000092c6   _XINT4_ISR
000092d0   _XINT5_ISR
000092da   _XINT6_ISR
000092e4   _XINT7_ISR
000092ee   _LVF_ISR
000092f8   _LUF_ISR
00009302   _PIE_RESERVED
0000930c   _rsvd_ISR
00009316   _VECTOR_init
00009328   _VECTOR_calc
00009346   _SPVM_Init
0000934f   _SPVM_Saw
00009394   _SPVM_Calc
000094b5   _SPVM_Sector
00009566   _epwm1_isr
0000977a   _initGPIO
00009790   _InitPWM
000098a9   _E_QEP_Init
000098c9   _E_QEP_calc
000099b5   _InitSysCtrl
000099be   _ServiceDog
000099c8   _DisableDog
000099d0   _InitPll
00009a20   _InitPeripheralClocks
00009a7b   _CsmUnlock
00009aac   _InitEPwm
00009aad   _InitEPwmGpio
00009aba   _InitEPwm1Gpio
00009ae6   _InitEPwm2Gpio
00009aea   _InitEPwm3Gpio
00009aee   _InitEPwm4Gpio
00009b02   _InitEPwm5Gpio
00009b14   _InitEPwm6Gpio
00009b26   _InitEPwmSyncGpio
00009b3a   _InitTzGpio
00009b70   _atan2
00009c34   _ADC_Init
00009c54   _ADC_Convert
00009cd6   _CLARK_calc
00009cf4   _PARK_calc
00009d34   _PARK_inv
00009d76   _vLimieter_calc
00009dc5   _PID_calc
00009e11   _main
00009ea3   FS$$DIV
00009f2b   _cos
00009f8c   _sin
00009fe4   _InitEQep
00009fe5   _InitEQepGpio
00009fea   _InitEQep1Gpio
0000a014   _InitEQep2Gpio
0000a03a   _RAMP_Init
0000a047   _RAMP_Update
0000a084   _c_int00
0000a0ca   _adc_isr
0000a106   _InitPieCtrl
0000a125   _EnableInterrupts
0000a12e   _sqrt
0000a151   _InitPieVectTable
0000a171   __args_main
0000a18a   C$$EXIT
0000a18a   _abort
0000a18c   _exit
0000a1a3   _frexp
0000a1b9   _InitAdc
0000a1cd   __register_unlock
0000a1d1   __register_lock
0000a1d5   __nop
0000a1de   _DSP28x_DisableInt
0000a1e2   _DSP28x_RestoreInt
0000a1e5   _SetDBGIER
0000a1e8   ___etext__
0000a1e8   etext
0000c000   _AdcInfoObj
0000c00e   _ramp_d
0000c020   _ramp_q
0000c040   _EncoderObj
0000c080   _SpvmObj
0000c100   _ControlerObj
0000d884   _CpuTimer1
0000d88c   _CpuTimer2
0000d894   _CpuTimer0
0000d89c   __unlock
0000d89e   __lock
0000d8a0   ___TI_cleanup_ptr
0000d8a2   ___TI_dtors_ptr
0000d8a4   _count
0000d8a5   _errno
0000d8c0   _blk
0000d8c1   _key_lock
0000d8c2   _Iq
0000d8c4   _Id
0000d8c6   __zadUq
0000d8c8   __zadUd
0000d8ca   __zadIq
0000d8cc   __zadId
0000d8ce   _Iq_zad
0000d8d0   _Uq_zad
0000d8d2   _Ud_zad
0000d8d4   _count2
0000d8d6   __zadOmega
0000d8d8   _nb_p
0000d8da   _Id_zad
0000d8dc   _Udc
0000d8de   _temp
0000d8e0   _epwm2_info
0000d8ea   _epwm1_info
0000d8f4   _Iabc_Clark
0000d900   _epwm3_info
0000d90a   _vLim
0000d916   _tabTime
0000d922   _Iab_dq
0000d930   _IalphaBeta
0000d940   _Uab_dq_inv
0000d94e   _Pid_q
0000d962   _Pid_d
0000e000   _PieVectTableInit
0033fff8   _CsmPwl
00380080   _ADC_cal
00380090   _PartIdRegs
ffffffff   ___binit__
ffffffff   ___c_args__
ffffffff   ___pinit__
ffffffff   binit
ffffffff   pinit

[254 symbols]
